Archive member included to satisfy reference by file (symbol)

C:/Program Files (x86)/SEGGER/SEGGER Embedded Studio for ARM 4.50/lib/libm_v7em_fpv4_sp_d16_hard_t_le_eabi.a(libm_asm.o)
                              Output/tdoa_tag Release/Obj/deca_device.o (__aeabi_dadd)
C:/Program Files (x86)/SEGGER/SEGGER Embedded Studio for ARM 4.50/lib/libc_v7em_fpv4_sp_d16_hard_t_le_eabi.a(libc2.o)
                              Output/tdoa_tag Release/Obj/deca_device.o (abs)
C:/Program Files (x86)/SEGGER/SEGGER Embedded Studio for ARM 4.50/lib/libc_v7em_fpv4_sp_d16_hard_t_le_eabi.a(libc2_asm.o)
                              Output/tdoa_tag Release/Obj/cmd_fn.o (memcpy)
C:/Program Files (x86)/SEGGER/SEGGER Embedded Studio for ARM 4.50/lib/libc_v7em_fpv4_sp_d16_hard_t_le_eabi.a(libc.o)
                              C:/Program Files (x86)/SEGGER/SEGGER Embedded Studio for ARM 4.50/lib/libc_v7em_fpv4_sp_d16_hard_t_le_eabi.a(libc2.o) (__heap_lock)
C:/Program Files (x86)/SEGGER/SEGGER Embedded Studio for ARM 4.50/lib/libc_v7em_fpv4_sp_d16_hard_t_le_eabi.a(libc_asm.o)
                              C:/Program Files (x86)/SEGGER/SEGGER Embedded Studio for ARM 4.50/lib/libc_v7em_fpv4_sp_d16_hard_t_le_eabi.a(libc2.o) (__aeabi_uldivmod)
C:/Program Files (x86)/SEGGER/SEGGER Embedded Studio for ARM 4.50/lib/libdebugio_v7em_fpv4_sp_d16_hard_t_le_eabi.a(libdebugio.o)
                              Output/tdoa_tag Release/Obj/thumb_crt0.o (debug_fopen)
C:/Program Files (x86)/SEGGER/SEGGER Embedded Studio for ARM 4.50/lib/libdebugio_mempoll_v7em_fpv4_sp_d16_hard_t_le_eabi.a(mempoll_debug_operations.o)
                              C:/Program Files (x86)/SEGGER/SEGGER Embedded Studio for ARM 4.50/lib/libdebugio_v7em_fpv4_sp_d16_hard_t_le_eabi.a(libdebugio.o) (__do_debug_operation)
C:/Program Files (x86)/SEGGER/SEGGER Embedded Studio for ARM 4.50/lib/libdebugio_mempoll_v7em_fpv4_sp_d16_hard_t_le_eabi.a(do_nv_debug_operation.o)
                              C:/Program Files (x86)/SEGGER/SEGGER Embedded Studio for ARM 4.50/lib/libdebugio_v7em_fpv4_sp_d16_hard_t_le_eabi.a(libdebugio.o) (__do_nvdebug_operation)
C:/Program Files (x86)/SEGGER/SEGGER Embedded Studio for ARM 4.50/lib/libm_v7em_fpv4_sp_d16_hard_t_le_eabi.a(libm2.o)
                              C:/Program Files (x86)/SEGGER/SEGGER Embedded Studio for ARM 4.50/lib/libvfprintf_v7em_fpv4_sp_d16_hard_t_le_eabi.o (frexp)

Discarded input sections

 .text          0x00000000        0x0 Output/tdoa_tag Release/Obj/thumb_crt0.o
 .data          0x00000000        0x0 Output/tdoa_tag Release/Obj/thumb_crt0.o
 .bss           0x00000000        0x0 Output/tdoa_tag Release/Obj/thumb_crt0.o
 .text.__aeabi_read_tp
                0x00000000        0x8 Output/tdoa_tag Release/Obj/thumb_crt0.o
 .text.abort    0x00000000        0x2 Output/tdoa_tag Release/Obj/thumb_crt0.o
 .text.__assert
                0x00000000        0x2 Output/tdoa_tag Release/Obj/thumb_crt0.o
 .text.__aeabi_assert
                0x00000000        0x2 Output/tdoa_tag Release/Obj/thumb_crt0.o
 .text.__sync_synchronize
                0x00000000        0x2 Output/tdoa_tag Release/Obj/thumb_crt0.o
 .text.__getchar
                0x00000000        0x4 Output/tdoa_tag Release/Obj/thumb_crt0.o
 .text.__putchar
                0x00000000        0x4 Output/tdoa_tag Release/Obj/thumb_crt0.o
 .text.__open   0x00000000        0x4 Output/tdoa_tag Release/Obj/thumb_crt0.o
 .text.__close  0x00000000        0x4 Output/tdoa_tag Release/Obj/thumb_crt0.o
 .text.__write  0x00000000        0xa Output/tdoa_tag Release/Obj/thumb_crt0.o
 .text.__read   0x00000000        0xa Output/tdoa_tag Release/Obj/thumb_crt0.o
 .text.__seek   0x00000000       0x1a Output/tdoa_tag Release/Obj/thumb_crt0.o
 .bss.__user_locale_name_buffer
                0x00000000        0x4 Output/tdoa_tag Release/Obj/thumb_crt0.o
 .stack         0x00000000        0x0 Output/tdoa_tag Release/Obj/thumb_crt0.o
 .stack_process
                0x00000000        0x0 Output/tdoa_tag Release/Obj/thumb_crt0.o
 .heap          0x00000000        0x0 Output/tdoa_tag Release/Obj/thumb_crt0.o
 .group         0x00000000        0xc Output/tdoa_tag Release/Obj/cmd.o
 .group         0x00000000        0xc Output/tdoa_tag Release/Obj/cmd.o
 .group         0x00000000        0xc Output/tdoa_tag Release/Obj/cmd.o
 .group         0x00000000        0xc Output/tdoa_tag Release/Obj/cmd.o
 .group         0x00000000        0xc Output/tdoa_tag Release/Obj/cmd.o
 .group         0x00000000        0xc Output/tdoa_tag Release/Obj/cmd.o
 .group         0x00000000        0xc Output/tdoa_tag Release/Obj/cmd.o
 .group         0x00000000        0xc Output/tdoa_tag Release/Obj/cmd.o
 .group         0x00000000        0xc Output/tdoa_tag Release/Obj/cmd.o
 .group         0x00000000        0xc Output/tdoa_tag Release/Obj/cmd.o
 .group         0x00000000        0xc Output/tdoa_tag Release/Obj/cmd.o
 .group         0x00000000        0xc Output/tdoa_tag Release/Obj/cmd.o
[...]
Memory Configuration

Name             Origin             Length             Attributes
UNPLACED_SECTIONS 0xffffffff         0x00000000         xw
RAM              0x20000000         0x00010000         xw
FLASH            0x00000000         0x00080000         xw
*default*        0x00000000         0xffffffff

Linker script and memory map

                0x00004138                __vfprintf = __vfprintf_long
                0x00004a68                __vfscanf = __vfscanf_int
                0x20000000                __RAM_segment_start__ = 0x20000000
                0x20010000                __RAM_segment_end__ = 0x20010000
                0x00010000                __RAM_segment_size__ = 0x10000
                0x00000000                __FLASH_segment_start__ = 0x0
                0x00080000                __FLASH_segment_end__ = 0x80000
                0x00080000                __FLASH_segment_size__ = 0x80000
                0x00000800                __HEAPSIZE__ = 0x800
                0x00000000                __STACKSIZE_PROCESS__ = 0x0
                0x00001000                __STACKSIZE__ = 0x1000
                0x20000000                __vectors_ram_load_start__ = 0x20000000

.vectors_ram    0x20000000        0x0
                0x20000000                __vectors_ram_start__ = .
                0x20000000                __app_ram_start__ = __vectors_ram_start__
 *(.vectors_ram .vectors_ram.*)
                0x20000000                __vectors_ram_end__ = (__vectors_ram_start__ + SIZEOF (.vectors_ram))
                0x00000000                __vectors_ram_size__ = SIZEOF (.vectors_ram)
                0x20000000                __vectors_ram_load_end__ = __vectors_ram_end__
                0x00000001                . = ASSERT (((__vectors_ram_start__ == __vectors_ram_end__) || ((__vectors_ram_end__ - __RAM_segment_start__) <= __RAM_segment_size__)), error: .vectors_ram is too large to fit in RAM memory segment)
                0x20000000                __nrf_sections_run_load_start__ = ALIGN (__vectors_ram_end__, 0x4)

.nrf_sections_run
                0x20000000        0x0
                0x20000000                __nrf_sections_run_start__ = .
                0x20000000                __start_nrf_sections_run = __nrf_sections_run_start__
 *(.nrf_sections_run .nrf_sections_run.*)
                0x20000000                __nrf_sections_run_end__ = (__nrf_sections_run_start__ + SIZEOF (.nrf_sections_run))
                0x00000000                __nrf_sections_run_size__ = SIZEOF (.nrf_sections_run)
                0x20000000                __nrf_sections_run_load_end__ = __nrf_sections_run_end__
                0x00000001                . = ASSERT (((__nrf_sections_run_start__ == __nrf_sections_run_end__) || ((__nrf_sections_run_end__ - __RAM_segment_start__) <= __RAM_segment_size__)), error: .nrf_sections_run is too large to fit in RAM memory segment)
                0x00000000                __vectors_load_start__ = 0x0

.vectors        0x00000000      0x200
                0x00000000                __vectors_start__ = .
 *(.vectors .vectors.*)
 .vectors       0x00000000      0x200 Output/tdoa_tag Release/Obj/ses_startup_nrf52.o
                0x00000000                _vectors
                0x00000200                __vectors_end__ = (__vectors_start__ + SIZEOF (.vectors))
                0x00000200                __vectors_size__ = SIZEOF (.vectors)
                0x00000200                __vectors_load_end__ = __vectors_end__
                0x00000001                . = ASSERT (((__vectors_start__ == __vectors_end__) || ((__vectors_end__ - __FLASH_segment_start__) <= __FLASH_segment_size__)), error: .vectors is too large to fit in FLASH memory segment)
                0x00000200                __init_load_start__ = ALIGN (__vectors_end__, 0x4)

.init           0x00000200      0x1d4
                0x00000200                __init_start__ = .
 *(.init .init.*)
 .init          0x00000200      0x15c Output/tdoa_tag Release/Obj/thumb_crt0.o
                0x00000200                _start
                0x000002b4                exit
 .init          0x0000035c       0x18 Output/tdoa_tag Release/Obj/ses_startup_nrf52.o
                0x0000035c                NMI_Handler
                0x0000035e                HardFault_Handler
                0x00000360                MemoryManagement_Handler
                0x00000362                BusFault_Handler
                0x00000364                UsageFault_Handler
                0x00000366                SVC_Handler
                0x00000368                DebugMon_Handler
                0x0000036a                PendSV_Handler
                0x0000036e                RADIO_IRQHandler
                0x0000036e                PDM_IRQHandler
                0x0000036e                TEMP_IRQHandler
                0x0000036e                QDEC_IRQHandler
                0x0000036e                FPU_IRQHandler
                0x0000036e                PWM1_IRQHandler
                0x0000036e                I2S_IRQHandler
                0x0000036e                SWI4_EGU4_IRQHandler
                0x0000036e                SWI2_EGU2_IRQHandler
                0x0000036e                PWM2_IRQHandler
                0x0000036e                ECB_IRQHandler
                0x0000036e                SAADC_IRQHandler
                0x0000036e                CCM_AAR_IRQHandler
                0x0000036e                WDT_IRQHandler
                0x0000036e                SWI0_EGU0_IRQHandler
                0x0000036e                SWI5_EGU5_IRQHandler
                0x0000036e                RNG_IRQHandler
                0x0000036e                RTC2_IRQHandler
                0x0000036e                PWM0_IRQHandler
                0x0000036e                SWI3_EGU3_IRQHandler
                0x0000036e                RTC1_IRQHandler
                0x0000036e                SWI1_EGU1_IRQHandler
                0x0000036e                SPIM2_SPIS2_SPI2_IRQHandler
                0x0000036e                NFCT_IRQHandler
                0x0000036e                Dummy_Handler
                0x0000036e                MWU_IRQHandler
                0x0000036e                COMP_LPCOMP_IRQHandler
                0x00000370                nRFInitialize
 .init          0x00000374       0x60 Output/tdoa_tag Release/Obj/ses_startup_nrf_common.o
                0x00000374                Reset_Handler
                0x0000039c                InitializeUserMemorySections
                0x000003d4                __init_end__ = (__init_start__ + SIZEOF (.init))
                0x000001d4                __init_size__ = SIZEOF (.init)
                0x000003d4                __init_load_end__ = __init_end__
                0x00000001                . = ASSERT (((__init_start__ == __init_end__) || ((__init_end__ - __FLASH_segment_start__) <= __FLASH_segment_size__)), error: .init is too large to fit in FLASH memory segment)
                0x000003d4                __init_rodata_load_start__ = ALIGN (__init_end__, 0x4)

.init_rodata    0x000003d4        0x0
                0x000003d4                __init_rodata_start__ = .
 *(.init_rodata .init_rodata.*)
                0x000003d4                __init_rodata_end__ = (__init_rodata_start__ + SIZEOF (.init_rodata))
                0x00000000                __init_rodata_size__ = SIZEOF (.init_rodata)
                0x000003d4                __init_rodata_load_end__ = __init_rodata_end__
                0x00000001                . = ASSERT (((__init_rodata_start__ == __init_rodata_end__) || ((__init_rodata_end__ - __FLASH_segment_start__) <= __FLASH_segment_size__)), error: .init_rodata is too large to fit in FLASH memory segment)
                0x000003d4                __text_load_start__ = ALIGN (__init_rodata_end__, 0x4)

.text           0x000003d4     0x4ac0
                0x000003d4                __text_start__ = .
 *(.text .text.* .glue_7t .glue_7 .gnu.linkonce.t.* .gcc_except_table .ARM.extab* .gnu.linkonce.armextab.*)
 .glue_7        0x000003d4        0x0 linker stubs
 .glue_7t       0x000003d4        0x0 linker stubs
 .text.cmd_onERROR.isra.0
                0x000003d4       0x54 Output/tdoa_tag Release/Obj/cmd.o
 .text.command_parser
                0x00000428       0xd8 Output/tdoa_tag Release/Obj/cmd.o
                0x00000428                command_parser
 .text.f_txCode
                0x00000500       0x10 Output/tdoa_tag Release/Obj/cmd_fn.o
                0x00000500                f_txCode
 .text.f_nsSFD  0x00000510       0x10 Output/tdoa_tag Release/Obj/cmd_fn.o
                0x00000510                f_nsSFD
 .text.f_phrMode
                0x00000520       0x10 Output/tdoa_tag Release/Obj/cmd_fn.o
                0x00000520                f_phrMode
 .text.f_sfdTO  0x00000530        0xc Output/tdoa_tag Release/Obj/cmd_fn.o
                0x00000530                f_sfdTO
 .text.f_smartPowerEn
                0x0000053c       0x10 Output/tdoa_tag Release/Obj/cmd_fn.o
                0x0000053c                f_smartPowerEn
 .text.f_interval_in_ms
                0x0000054c        0xc Output/tdoa_tag Release/Obj/cmd_fn.o
                0x0000054c                f_interval_in_ms
 .text.f_interval_slow_in_ms
                0x00000558        0xc Output/tdoa_tag Release/Obj/cmd_fn.o
                0x00000558                f_interval_slow_in_ms
 .text.f_randomness
                0x00000564        0xc Output/tdoa_tag Release/Obj/cmd_fn.o
                0x00000564                f_randomness
 .text.f_tagIDset
                0x00000570       0x14 Output/tdoa_tag Release/Obj/cmd_fn.o
                0x00000570                f_tagIDset
 .text.f_chan   0x00000584       0x1c Output/tdoa_tag Release/Obj/cmd_fn.o
                0x00000584                f_chan
 .text.f_prf    0x000005a0       0x1c Output/tdoa_tag Release/Obj/cmd_fn.o
                0x000005a0                f_prf
 .text.f_plen   0x000005bc       0x1c Output/tdoa_tag Release/Obj/cmd_fn.o
                0x000005bc                f_plen
 .text.f_rxPAC  0x000005d8       0x1c Output/tdoa_tag Release/Obj/cmd_fn.o
                0x000005d8                f_rxPAC
 .text.f_dataRate
                0x000005f4       0x1c Output/tdoa_tag Release/Obj/cmd_fn.o
                0x000005f4                f_dataRate
 .text.f_tagID  0x00000610       0x3c Output/tdoa_tag Release/Obj/cmd_fn.o
                0x00000610                f_tagID
 .text.f_help_app
                0x0000064c       0x3c Output/tdoa_tag Release/Obj/cmd_fn.o
                0x0000064c                f_help_app
 .text.f_save   0x00000688       0x10 Output/tdoa_tag Release/Obj/cmd_fn.o
                0x00000688                f_save
 .text.f_decaTDoATag
                0x00000698       0xd8 Output/tdoa_tag Release/Obj/cmd_fn.o
                0x00000698                f_decaTDoATag
 .text.f_jstat  0x00000770      0x1d4 Output/tdoa_tag Release/Obj/cmd_fn.o
                0x00000770                f_jstat
 .text.f_stat   0x00000944       0x20 Output/tdoa_tag Release/Obj/cmd_fn.o
                0x00000944                f_stat
 .text.waitForCommand
                0x00000964       0xc4 Output/tdoa_tag Release/Obj/cmd_uart_rx.o
                0x00000964                waitForCommand
 .text.process_uartmsg
                0x00000a28       0x50 Output/tdoa_tag Release/Obj/cmd_uart_rx.o
                0x00000a28                process_uartmsg
 .text.load_bssConfig
                0x00000a78       0x24 Output/tdoa_tag Release/Obj/config.o
                0x00000a78                load_bssConfig
 .text.get_pbssConfig
                0x00000a9c        0xc Output/tdoa_tag Release/Obj/config.o
                0x00000a9c                get_pbssConfig
 .text.save_bssConfig
                0x00000aa8       0x24 Output/tdoa_tag Release/Obj/config.o
                0x00000aa8                save_bssConfig
 .text.deca_uart_event_handle
                0x00000acc       0x5c Output/tdoa_tag Release/Obj/deca_uart.o
                0x00000acc                deca_uart_event_handle
 .text.deca_uart_rx_data_ready
                0x00000b28        0xc Output/tdoa_tag Release/Obj/deca_uart.o
                0x00000b28                deca_uart_rx_data_ready
 .text.deca_uart_init
                0x00000b34       0x50 Output/tdoa_tag Release/Obj/deca_uart.o
                0x00000b34                deca_uart_init
 .text.peripherals_init
                0x00000b84       0x64 Output/tdoa_tag Release/Obj/deca_uart.o
                0x00000b84                peripherals_init
 .text.port_tx_msg
                0x00000be8       0x1e Output/tdoa_tag Release/Obj/deca_uart.o
                0x00000be8                port_tx_msg
 *fill*         0x00000c06        0x2 
 .text.deca_uart_receive
                0x00000c08       0x48 Output/tdoa_tag Release/Obj/deca_uart.o
                0x00000c08                deca_uart_receive
 .text.spi_event_handler
                0x00000c50        0xc Output/tdoa_tag Release/Obj/port_platform.o
                0x00000c50                spi_event_handler
 .text.nrf_delay_ms.part.0
                0x00000c5c       0x1c Output/tdoa_tag Release/Obj/port_platform.o
 .text.portGetTickCount
                0x00000c78        0xc Output/tdoa_tag Release/Obj/port_platform.o
                0x00000c78                portGetTickCount
 .text.SysTick_Handler
                0x00000c84       0x10 Output/tdoa_tag Release/Obj/port_platform.o
                0x00000c84                SysTick_Handler
 .text.check_timer
                0x00000c94       0x1c Output/tdoa_tag Release/Obj/port_platform.o
                0x00000c94                check_timer
 .text.Sleep    0x00000cb0        0x8 Output/tdoa_tag Release/Obj/port_platform.o
                0x00000cb0                Sleep
 .text.port_wakeup_dw1000
                0x00000cb8       0x22 Output/tdoa_tag Release/Obj/port_platform.o
                0x00000cb8                port_wakeup_dw1000
 *fill*         0x00000cda        0x2 
 .text.RestartUART_timer
                0x00000cdc       0x14 Output/tdoa_tag Release/Obj/port_platform.o
                0x00000cdc                RestartUART_timer
 .text.rtc_handler
                0x00000cf0       0x8c Output/tdoa_tag Release/Obj/port_platform.o
 .text.portSetInterruptHook
                0x00000d7c        0xc Output/tdoa_tag Release/Obj/port_platform.o
                0x00000d7c                portSetInterruptHook
 .text.port_set_app_wakeup_check_hook
                0x00000d88        0xc Output/tdoa_tag Release/Obj/port_platform.o
                0x00000d88                port_set_app_wakeup_check_hook
 .text.readfromspi
                0x00000d94       0x98 Output/tdoa_tag Release/Obj/port_platform.o
                0x00000d94                readfromspi
 .text.writetospi
                0x00000e2c       0x88 Output/tdoa_tag Release/Obj/port_platform.o
                0x00000e2c                writetospi
 .text.reset_DW1000
                0x00000eb4       0x34 Output/tdoa_tag Release/Obj/port_platform.o
                0x00000eb4                reset_DW1000
 .text.port_set_dw1000_slowrate
                0x00000ee8       0x3c Output/tdoa_tag Release/Obj/port_platform.o
                0x00000ee8                port_set_dw1000_slowrate
 .text.port_set_dw1000_fastrate
                0x00000f24       0x44 Output/tdoa_tag Release/Obj/port_platform.o
                0x00000f24                port_set_dw1000_fastrate
 .text.deca_sleep
                0x00000f68        0x8 Output/tdoa_tag Release/Obj/port_platform.o
                0x00000f68                deca_sleep
 .text.low_power
                0x00000f70      0x138 Output/tdoa_tag Release/Obj/port_platform.o
                0x00000f70                low_power
 .text.decamutexon
                0x000010a8       0x1c Output/tdoa_tag Release/Obj/port_platform.o
                0x000010a8                decamutexon
 .text.decamutexoff
                0x000010c4       0x10 Output/tdoa_tag Release/Obj/port_platform.o
                0x000010c4                decamutexoff
 .text.vWaitForEvent
                0x000010d4       0x10 Output/tdoa_tag Release/Obj/twi.o
 .text.vEventHandler
                0x000010e4       0x18 Output/tdoa_tag Release/Obj/twi.o
 .text.vTWI_Init
                0x000010fc       0x48 Output/tdoa_tag Release/Obj/twi.o
                0x000010fc                vTWI_Init
 .text.vTWI_Write
                0x00001144       0x38 Output/tdoa_tag Release/Obj/twi.o
                0x00001144                vTWI_Write
 .text.vTWI_Read
                0x0000117c       0x4c Output/tdoa_tag Release/Obj/twi.o
                0x0000117c                vTWI_Read
 .text.dwt_getpartid
                0x000011c8        0xc Output/tdoa_tag Release/Obj/deca_device.o
                0x000011c8                dwt_getpartid
 .text.dwt_writetodevice
                0x000011d4       0x44 Output/tdoa_tag Release/Obj/deca_device.o
                0x000011d4                dwt_writetodevice
 .text.dwt_writetxdata
                0x00001218       0x20 Output/tdoa_tag Release/Obj/deca_device.o
                0x00001218                dwt_writetxdata
 .text.dwt_readfromdevice
                0x00001238       0x40 Output/tdoa_tag Release/Obj/deca_device.o
                0x00001238                dwt_readfromdevice
 .text.dwt_read32bitoffsetreg
                0x00001278       0x22 Output/tdoa_tag Release/Obj/deca_device.o
                0x00001278                dwt_read32bitoffsetreg
 .text.dwt_readdevid
                0x0000129a        0x8 Output/tdoa_tag Release/Obj/deca_device.o
                0x0000129a                dwt_readdevid
 .text.dwt_read16bitoffsetreg
                0x000012a2       0x22 Output/tdoa_tag Release/Obj/deca_device.o
                0x000012a2                dwt_read16bitoffsetreg
 .text.dwt_write8bitoffsetreg
                0x000012c4       0x1a Output/tdoa_tag Release/Obj/deca_device.o
                0x000012c4                dwt_write8bitoffsetreg
 .text.dwt_write16bitoffsetreg
                0x000012de       0x18 Output/tdoa_tag Release/Obj/deca_device.o
                0x000012de                dwt_write16bitoffsetreg
 .text.dwt_write32bitoffsetreg
                0x000012f6       0x16 Output/tdoa_tag Release/Obj/deca_device.o
                0x000012f6                dwt_write32bitoffsetreg
 .text.dwt_configuretxrf
                0x0000130c       0x1c Output/tdoa_tag Release/Obj/deca_device.o
                0x0000130c                dwt_configuretxrf
 .text.dwt_writetxfctrl
                0x00001328       0x1c Output/tdoa_tag Release/Obj/deca_device.o
                0x00001328                dwt_writetxfctrl
 .text._dwt_otpread
                0x00001344       0x2c Output/tdoa_tag Release/Obj/deca_device.o
                0x00001344                _dwt_otpread
 .text._dwt_aonarrayupload
                0x00001370       0x1a Output/tdoa_tag Release/Obj/deca_device.o
                0x00001370                _dwt_aonarrayupload
 *fill*         0x0000138a        0x2 
 .text.dwt_configuresleep
                0x0000138c       0x28 Output/tdoa_tag Release/Obj/deca_device.o
                0x0000138c                dwt_configuresleep
 .text.dwt_entersleepaftertx
                0x000013b4       0x24 Output/tdoa_tag Release/Obj/deca_device.o
                0x000013b4                dwt_entersleepaftertx
 .text._dwt_configlde
                0x000013d8       0x2a Output/tdoa_tag Release/Obj/deca_device.o
                0x000013d8                _dwt_configlde
 *fill*         0x00001402        0x2 
 .text.dwt_configure
                0x00001404      0x204 Output/tdoa_tag Release/Obj/deca_device.o
                0x00001404                dwt_configure
 .text.dwt_setsmarttxpower
                0x00001608       0x3c Output/tdoa_tag Release/Obj/deca_device.o
                0x00001608                dwt_setsmarttxpower
 .text.dwt_setcallbacks
                0x00001644       0x14 Output/tdoa_tag Release/Obj/deca_device.o
                0x00001644                dwt_setcallbacks
 .text._dwt_enableclocks
                0x00001658       0xcc Output/tdoa_tag Release/Obj/deca_device.o
                0x00001658                _dwt_enableclocks
 .text._dwt_loaducodefromrom
                0x00001724       0x24 Output/tdoa_tag Release/Obj/deca_device.o
                0x00001724                _dwt_loaducodefromrom
 .text._dwt_disablesequencing
                0x00001748       0x16 Output/tdoa_tag Release/Obj/deca_device.o
                0x00001748                _dwt_disablesequencing
 *fill*         0x0000175e        0x2 
 .text.dwt_starttx
                0x00001760       0x58 Output/tdoa_tag Release/Obj/deca_device.o
                0x00001760                dwt_starttx
 .text.dwt_softreset
                0x000017b8       0x48 Output/tdoa_tag Release/Obj/deca_device.o
                0x000017b8                dwt_softreset
 .text.dwt_setxtaltrim
                0x00001800       0x10 Output/tdoa_tag Release/Obj/deca_device.o
                0x00001800                dwt_setxtaltrim
 .text.dwt_initialise
                0x00001810       0xf8 Output/tdoa_tag Release/Obj/deca_device.o
                0x00001810                dwt_initialise
 .text.vInterruptHandler
                0x00001908        0xc Output/tdoa_tag Release/Obj/LIS2DH12.o
                0x00001908                vInterruptHandler
 .text.vThresholdConfigure.constprop.0
                0x00001914       0x70 Output/tdoa_tag Release/Obj/LIS2DH12.o
 .text.vLIS2_Init
                0x00001984       0x40 Output/tdoa_tag Release/Obj/LIS2DH12.o
                0x00001984                vLIS2_Init
 .text.u8LIS2_TestRead
                0x000019c4       0x16 Output/tdoa_tag Release/Obj/LIS2DH12.o
                0x000019c4                u8LIS2_TestRead
 .text.vLIS2_PowerDown
                0x000019da        0x8 Output/tdoa_tag Release/Obj/LIS2DH12.o
                0x000019da                vLIS2_PowerDown
 .text.vLIS2_EnableWakeUpDetect
                0x000019e2        0x8 Output/tdoa_tag Release/Obj/LIS2DH12.o
                0x000019e2                vLIS2_EnableWakeUpDetect
 .text.vLIS2_EnableInactivityDetect
                0x000019ea        0x8 Output/tdoa_tag Release/Obj/LIS2DH12.o
                0x000019ea                vLIS2_EnableInactivityDetect
 *fill*         0x000019f2        0x2 
 .text.boLIS2_InterruptOccurred
                0x000019f4        0xc Output/tdoa_tag Release/Obj/LIS2DH12.o
                0x000019f4                boLIS2_InterruptOccurred
 .text.boLIS2_InterruptClear
                0x00001a00        0xc Output/tdoa_tag Release/Obj/LIS2DH12.o
                0x00001a00                boLIS2_InterruptClear
 .text.u8LIS2_EventStatus
                0x00001a0c       0x16 Output/tdoa_tag Release/Obj/LIS2DH12.o
                0x00001a0c                u8LIS2_EventStatus
 .text.wake_up_hook
                0x00001a22       0x12 Output/tdoa_tag Release/Obj/main.o
                0x00001a22                wake_up_hook
 .text.inittestapplication
                0x00001a34       0x5c Output/tdoa_tag Release/Obj/main.o
                0x00001a34                inittestapplication
 .text.startup.main
                0x00001a90      0x124 Output/tdoa_tag Release/Obj/main.o
                0x00001a90                main
 .text.instance_txcallback
                0x00001bb4        0x2 Output/tdoa_tag Release/Obj/instance.o
                0x00001bb4                instance_txcallback
 .text.instance_rxtimeout
                0x00001bb6        0x2 Output/tdoa_tag Release/Obj/instance.o
                0x00001bb6                instance_rxtimeout
 .text.instance_rxerror
                0x00001bb8        0x2 Output/tdoa_tag Release/Obj/instance.o
                0x00001bb8                instance_rxerror
 .text.instance_rxgood
                0x00001bba        0x2 Output/tdoa_tag Release/Obj/instance.o
                0x00001bba                instance_rxgood
 .text.instancesettagaddress
                0x00001bbc       0x5c Output/tdoa_tag Release/Obj/instance.o
                0x00001bbc                instancesettagaddress
 .text.testapprun
                0x00001c18       0x80 Output/tdoa_tag Release/Obj/instance.o
                0x00001c18                testapprun
 .text.instance_init
                0x00001c98       0x70 Output/tdoa_tag Release/Obj/instance.o
                0x00001c98                instance_init
 .text.instancereaddeviceid
                0x00001d08        0x4 Output/tdoa_tag Release/Obj/instance.o
                0x00001d08                instancereaddeviceid
 .text.instance_config
                0x00001d0c       0x4c Output/tdoa_tag Release/Obj/instance.o
                0x00001d0c                instance_config
 .text.check_device_id
                0x00001d58       0x30 Output/tdoa_tag Release/Obj/instance.o
                0x00001d58                check_device_id
 .text.instance_run
                0x00001d88      0x124 Output/tdoa_tag Release/Obj/instance.o
                0x00001d88                instance_run
 .text.chan_to_deca
                0x00001eac       0x14 Output/tdoa_tag Release/Obj/translate.o
                0x00001eac                chan_to_deca
 .text.deca_to_chan
                0x00001ec0        0x4 Output/tdoa_tag Release/Obj/translate.o
                0x00001ec0                deca_to_chan
 .text.bitrate_to_deca
                0x00001ec4       0x22 Output/tdoa_tag Release/Obj/translate.o
                0x00001ec4                bitrate_to_deca
 *fill*         0x00001ee6        0x2 
 .text.deca_to_bitrate
                0x00001ee8       0x14 Output/tdoa_tag Release/Obj/translate.o
                0x00001ee8                deca_to_bitrate
 .text.prf_to_deca
                0x00001efc       0x14 Output/tdoa_tag Release/Obj/translate.o
                0x00001efc                prf_to_deca
 .text.deca_to_prf
                0x00001f10       0x14 Output/tdoa_tag Release/Obj/translate.o
                0x00001f10                deca_to_prf
 .text.pac_to_deca
                0x00001f24       0x2a Output/tdoa_tag Release/Obj/translate.o
                0x00001f24                pac_to_deca
 *fill*         0x00001f4e        0x2 
 .text.deca_to_pac
                0x00001f50       0x14 Output/tdoa_tag Release/Obj/translate.o
                0x00001f50                deca_to_pac
 .text.plen_to_deca
                0x00001f64       0x4c Output/tdoa_tag Release/Obj/translate.o
                0x00001f64                plen_to_deca
 .text.deca_to_plen
                0x00001fb0       0x18 Output/tdoa_tag Release/Obj/translate.o
                0x00001fb0                deca_to_plen
 .text.app_error_handler_bare
                0x00001fc8       0x1a Output/tdoa_tag Release/Obj/app_error.o
                0x00001fc8                app_error_handler_bare
 *fill*         0x00001fe2        0x2 
 .text.app_error_fault_handler
                0x00001fe4       0x34 Output/tdoa_tag Release/Obj/app_error_weak.o
                0x00001fe4                app_error_fault_handler
 .text.app_util_disable_irq
                0x00002018       0x10 Output/tdoa_tag Release/Obj/app_util_platform.o
                0x00002018                app_util_disable_irq
 .text.app_util_enable_irq
                0x00002028       0x14 Output/tdoa_tag Release/Obj/app_util_platform.o
                0x00002028                app_util_enable_irq
 .text.app_util_critical_region_enter
                0x0000203c        0x4 Output/tdoa_tag Release/Obj/app_util_platform.o
                0x0000203c                app_util_critical_region_enter
 .text.app_util_critical_region_exit
                0x00002040        0x4 Output/tdoa_tag Release/Obj/app_util_platform.o
                0x00002040                app_util_critical_region_exit
 .text.uart_event_handler
                0x00002044       0x64 Output/tdoa_tag Release/Obj/app_uart.o
 .text.app_uart_init
                0x000020a8       0x94 Output/tdoa_tag Release/Obj/app_uart.o
                0x000020a8                app_uart_init
 .text.app_uart_put
                0x0000213c       0x28 Output/tdoa_tag Release/Obj/app_uart.o
                0x0000213c                app_uart_put
 .text.app_uart_close
                0x00002164       0x10 Output/tdoa_tag Release/Obj/app_uart.o
                0x00002164                app_uart_close
 .text.app_fifo_init
                0x00002174       0x1e Output/tdoa_tag Release/Obj/app_fifo.o
                0x00002174                app_fifo_init
 .text.app_fifo_put
                0x00002192       0x24 Output/tdoa_tag Release/Obj/app_fifo.o
                0x00002192                app_fifo_put
 .text.app_fifo_get
                0x000021b6       0x22 Output/tdoa_tag Release/Obj/app_fifo.o
                0x000021b6                app_fifo_get
 .text.app_fifo_flush
                0x000021d8        0x8 Output/tdoa_tag Release/Obj/app_fifo.o
                0x000021d8                app_fifo_flush
 .text.errata_12
                0x000021e0       0x40 Output/tdoa_tag Release/Obj/system_nrf52.o
 .text.errata_16
                0x00002220       0x34 Output/tdoa_tag Release/Obj/system_nrf52.o
 .text.SystemCoreClockUpdate
                0x00002254       0x10 Output/tdoa_tag Release/Obj/system_nrf52.o
                0x00002254                SystemCoreClockUpdate
 .text.SystemInit
                0x00002264      0x25c Output/tdoa_tag Release/Obj/system_nrf52.o
                0x00002264                SystemInit
 .text.clock_clk_started_notify
                0x000024c0       0x24 Output/tdoa_tag Release/Obj/nrf_drv_clock.o
 .text.clock_irq_handler
                0x000024e4       0x1c Output/tdoa_tag Release/Obj/nrf_drv_clock.o
 .text.nrf_drv_clock_init
                0x00002500       0x30 Output/tdoa_tag Release/Obj/nrf_drv_clock.o
                0x00002500                nrf_drv_clock_init
 .text.nrf_drv_clock_lfclk_request
                0x00002530       0x54 Output/tdoa_tag Release/Obj/nrf_drv_clock.o
                0x00002530                nrf_drv_clock_lfclk_request
 .text.spi_evt_handler
                0x00002584       0x3c Output/tdoa_tag Release/Obj/nrf_drv_spi.o
 .text.nrf_drv_spi_init
                0x000025c0       0x30 Output/tdoa_tag Release/Obj/nrf_drv_spi.o
                0x000025c0                nrf_drv_spi_init
 .text.irq_handler
                0x000025f0       0x4e Output/tdoa_tag Release/Obj/nrfx_timer.o
 *fill*         0x0000263e        0x2 
 .text.TIMER0_IRQHandler
                0x00002640       0x14 Output/tdoa_tag Release/Obj/nrfx_timer.o
                0x00002640                TIMER0_IRQHandler
 .text.TIMER1_IRQHandler
                0x00002654       0x14 Output/tdoa_tag Release/Obj/nrfx_timer.o
                0x00002654                TIMER1_IRQHandler
 .text.TIMER2_IRQHandler
                0x00002668       0x14 Output/tdoa_tag Release/Obj/nrfx_timer.o
                0x00002668                TIMER2_IRQHandler
 .text.TIMER3_IRQHandler
                0x0000267c       0x14 Output/tdoa_tag Release/Obj/nrfx_timer.o
                0x0000267c                TIMER3_IRQHandler
 .text.TIMER4_IRQHandler
                0x00002690       0x14 Output/tdoa_tag Release/Obj/nrfx_timer.o
                0x00002690                TIMER4_IRQHandler
 .text.transfer_byte
                0x000026a4       0x68 Output/tdoa_tag Release/Obj/nrfx_spi.o
 .text.nrfx_spi_init
                0x0000270c      0x188 Output/tdoa_tag Release/Obj/nrfx_spi.o
                0x0000270c                nrfx_spi_init
 .text.nrfx_spi_uninit
                0x00002894       0x60 Output/tdoa_tag Release/Obj/nrfx_spi.o
                0x00002894                nrfx_spi_uninit
 .text.nrfx_spi_xfer
                0x000028f4      0x114 Output/tdoa_tag Release/Obj/nrfx_spi.o
                0x000028f4                nrfx_spi_xfer
 .text.SPIM0_SPIS0_TWIM0_TWIS0_SPI0_TWI0_IRQHandler
                0x00002a08       0x54 Output/tdoa_tag Release/Obj/nrfx_spi.o
                0x00002a08                SPIM0_SPIS0_TWIM0_TWIS0_SPI0_TWI0_IRQHandler
 .text.wait_for_flash_ready
                0x00002a5c       0x10 Output/tdoa_tag Release/Obj/nrf_nvmc.o
 .text.nrf_nvmc_page_erase
                0x00002a6c       0x30 Output/tdoa_tag Release/Obj/nrf_nvmc.o
                0x00002a6c                nrf_nvmc_page_erase
 .text.nrf_nvmc_write_byte
                0x00002a9c       0x48 Output/tdoa_tag Release/Obj/nrf_nvmc.o
                0x00002a9c                nrf_nvmc_write_byte
 .text.nrf_nvmc_write_bytes
                0x00002ae4       0x1a Output/tdoa_tag Release/Obj/nrf_nvmc.o
                0x00002ae4                nrf_nvmc_write_bytes
 *fill*         0x00002afe        0x2 
 .text.uart_evt_handler
                0x00002b00       0x34 Output/tdoa_tag Release/Obj/nrf_drv_uart.o
 .text.nrf_drv_uart_init
                0x00002b34       0x50 Output/tdoa_tag Release/Obj/nrf_drv_uart.o
                0x00002b34                nrf_drv_uart_init
 .text.nrf_uart_event_clear
                0x00002b84       0x10 Output/tdoa_tag Release/Obj/nrfx_uart.o
 .text.tx_byte  0x00002b94       0x1e Output/tdoa_tag Release/Obj/nrfx_uart.o
 .text.rx_enable.isra.0
                0x00002bb2       0x20 Output/tdoa_tag Release/Obj/nrfx_uart.o
 .text.rx_byte  0x00002bd2       0x2c Output/tdoa_tag Release/Obj/nrfx_uart.o
 *fill*         0x00002bfe        0x2 
 .text.rx_done_event.constprop.0
                0x00002c00       0x20 Output/tdoa_tag Release/Obj/nrfx_uart.o
 .text.nrfx_uart_init
                0x00002c20      0x160 Output/tdoa_tag Release/Obj/nrfx_uart.o
                0x00002c20                nrfx_uart_init
 .text.nrfx_uart_uninit
                0x00002d80       0xc0 Output/tdoa_tag Release/Obj/nrfx_uart.o
                0x00002d80                nrfx_uart_uninit
 .text.nrfx_uart_tx
                0x00002e40       0x8c Output/tdoa_tag Release/Obj/nrfx_uart.o
                0x00002e40                nrfx_uart_tx
 .text.nrfx_uart_rx
                0x00002ecc       0xf0 Output/tdoa_tag Release/Obj/nrfx_uart.o
                0x00002ecc                nrfx_uart_rx
 .text.UARTE0_UART0_IRQHandler
                0x00002fbc      0x138 Output/tdoa_tag Release/Obj/nrfx_uart.o
                0x00002fbc                UARTE0_UART0_IRQHandler
 .text.nrf_twi_event_clear
                0x000030f4       0x10 Output/tdoa_tag Release/Obj/nrfx_twi.o
 .text.twi_transfer
                0x00003104       0xee Output/tdoa_tag Release/Obj/nrfx_twi.o
 *fill*         0x000031f2        0x2 
 .text.twi_tx_start_transfer
                0x000031f4      0x100 Output/tdoa_tag Release/Obj/nrfx_twi.o
 .text.twi_rx_start_transfer
                0x000032f4       0xe8 Output/tdoa_tag Release/Obj/nrfx_twi.o
 .text.nrfx_twi_init
                0x000033dc       0xc8 Output/tdoa_tag Release/Obj/nrfx_twi.o
                0x000033dc                nrfx_twi_init
 .text.nrfx_twi_enable
                0x000034a4       0x20 Output/tdoa_tag Release/Obj/nrfx_twi.o
                0x000034a4                nrfx_twi_enable
 .text.nrfx_twi_xfer
                0x000034c4       0xc4 Output/tdoa_tag Release/Obj/nrfx_twi.o
                0x000034c4                nrfx_twi_xfer
 .text.nrfx_twi_tx
                0x00003588       0x36 Output/tdoa_tag Release/Obj/nrfx_twi.o
                0x00003588                nrfx_twi_tx
 .text.nrfx_twi_rx
                0x000035be       0x32 Output/tdoa_tag Release/Obj/nrfx_twi.o
                0x000035be                nrfx_twi_rx
 .text.SPIM1_SPIS1_TWIM1_TWIS1_SPI1_TWI1_IRQHandler
                0x000035f0       0xc4 Output/tdoa_tag Release/Obj/nrfx_twi.o
                0x000035f0                SPIM1_SPIS1_TWIM1_TWIS1_SPI1_TWI1_IRQHandler
 .text.twi_evt_handler
                0x000036b4       0x40 Output/tdoa_tag Release/Obj/nrf_drv_twi.o
 .text.nrfx_coredep_delay_us.part.0.constprop.0
                0x000036f4       0x10 Output/tdoa_tag Release/Obj/nrf_drv_twi.o
 .text.nrf_drv_twi_init
                0x00003704       0xe0 Output/tdoa_tag Release/Obj/nrf_drv_twi.o
                0x00003704                nrf_drv_twi_init
 .text.nrf_gpiote_event_clear
                0x000037e4       0x18 Output/tdoa_tag Release/Obj/nrfx_gpiote.o
 .text.nrf_gpio_cfg_sense_set
                0x000037fc       0x20 Output/tdoa_tag Release/Obj/nrfx_gpiote.o
 .text.GPIOTE_IRQHandler
                0x0000381c      0x170 Output/tdoa_tag Release/Obj/nrfx_gpiote.o
                0x0000381c                GPIOTE_IRQHandler
 .text.nrf_clock_event_clear
                0x0000398c       0x14 Output/tdoa_tag Release/Obj/nrfx_clock.o
 .text.nrfx_clock_init
                0x000039a0       0x18 Output/tdoa_tag Release/Obj/nrfx_clock.o
                0x000039a0                nrfx_clock_init
 .text.nrfx_clock_enable
                0x000039b8       0x30 Output/tdoa_tag Release/Obj/nrfx_clock.o
                0x000039b8                nrfx_clock_enable
 .text.nrfx_clock_lfclk_start
                0x000039e8       0x4c Output/tdoa_tag Release/Obj/nrfx_clock.o
                0x000039e8                nrfx_clock_lfclk_start
 .text.nrfx_clock_irq_handler
                0x00003a34       0x58 Output/tdoa_tag Release/Obj/nrfx_clock.o
                0x00003a34                nrfx_clock_irq_handler
 .text.nrf_rtc_event_clear
                0x00003a8c       0x10 Output/tdoa_tag Release/Obj/nrfx_rtc.o
 .text.nrfx_rtc_init
                0x00003a9c       0x90 Output/tdoa_tag Release/Obj/nrfx_rtc.o
                0x00003a9c                nrfx_rtc_init
 .text.nrfx_rtc_uninit
                0x00003b2c       0x44 Output/tdoa_tag Release/Obj/nrfx_rtc.o
                0x00003b2c                nrfx_rtc_uninit
 .text.nrfx_rtc_enable
                0x00003b70       0x18 Output/tdoa_tag Release/Obj/nrfx_rtc.o
                0x00003b70                nrfx_rtc_enable
 .text.nrfx_rtc_cc_set
                0x00003b88       0x84 Output/tdoa_tag Release/Obj/nrfx_rtc.o
                0x00003b88                nrfx_rtc_cc_set
 .text.nrfx_rtc_tick_enable
                0x00003c0c       0x20 Output/tdoa_tag Release/Obj/nrfx_rtc.o
                0x00003c0c                nrfx_rtc_tick_enable
 .text.nrfx_rtc_tick_disable
                0x00003c2c        0xe Output/tdoa_tag Release/Obj/nrfx_rtc.o
                0x00003c2c                nrfx_rtc_tick_disable
 *fill*         0x00003c3a        0x2 
 .text.RTC0_IRQHandler
                0x00003c3c       0x9c Output/tdoa_tag Release/Obj/nrfx_rtc.o
                0x00003c3c                RTC0_IRQHandler
 .text.POWER_CLOCK_IRQHandler
                0x00003cd8        0xe Output/tdoa_tag Release/Obj/nrfx_power_clock.o
                0x00003cd8                POWER_CLOCK_IRQHandler
 *fill*         0x00003ce6        0x2 
 .text.nrfx_power_irq_handler
                0x00003ce8       0x64 Output/tdoa_tag Release/Obj/nrfx_power.o
                0x00003ce8                nrfx_power_irq_handler
 .text.libc.__RAL_ascii_isctype
                0x00003d4c       0x1c C:/Program Files (x86)/SEGGER/SEGGER Embedded Studio for ARM 4.50/lib/libc_v7em_fpv4_sp_d16_hard_t_le_eabi.a(libc2.o)
 .text.libc.__RAL_ascii_toupper
                0x00003d68        0xc C:/Program Files (x86)/SEGGER/SEGGER Embedded Studio for ARM 4.50/lib/libc_v7em_fpv4_sp_d16_hard_t_le_eabi.a(libc2.o)
 .text.libc.__RAL_ascii_tolower
                0x00003d74        0xc C:/Program Files (x86)/SEGGER/SEGGER Embedded Studio for ARM 4.50/lib/libc_v7em_fpv4_sp_d16_hard_t_le_eabi.a(libc2.o)
 .text.libc.__RAL_ascii_iswctype
                0x00003d80       0x1c C:/Program Files (x86)/SEGGER/SEGGER Embedded Studio for ARM 4.50/lib/libc_v7em_fpv4_sp_d16_hard_t_le_eabi.a(libc2.o)
 .text.libc.__RAL_ascii_towupper
                0x00003d9c        0xc C:/Program Files (x86)/SEGGER/SEGGER Embedded Studio for ARM 4.50/lib/libc_v7em_fpv4_sp_d16_hard_t_le_eabi.a(libc2.o)
 .text.libc.__RAL_ascii_towlower
                0x00003da8        0xc C:/Program Files (x86)/SEGGER/SEGGER Embedded Studio for ARM 4.50/lib/libc_v7em_fpv4_sp_d16_hard_t_le_eabi.a(libc2.o)
 .text.libc.__RAL_ascii_wctomb
                0x00003db4        0xe C:/Program Files (x86)/SEGGER/SEGGER Embedded Studio for ARM 4.50/lib/libc_v7em_fpv4_sp_d16_hard_t_le_eabi.a(libc2.o)
                0x00003db4                __RAL_ascii_wctomb
 .text.libc.__RAL_ascii_mbtowc
                0x00003dc2       0x24 C:/Program Files (x86)/SEGGER/SEGGER Embedded Studio for ARM 4.50/lib/libc_v7em_fpv4_sp_d16_hard_t_le_eabi.a(libc2.o)
                0x00003dc2                __RAL_ascii_mbtowc
 .text.libc.__getc
                0x00003de6       0x20 C:/Program Files (x86)/SEGGER/SEGGER Embedded Studio for ARM 4.50/lib/libc_v7em_fpv4_sp_d16_hard_t_le_eabi.a(libc2.o)
                0x00003de6                __getc
 .text.libc.__putc
                0x00003e06       0x34 C:/Program Files (x86)/SEGGER/SEGGER Embedded Studio for ARM 4.50/lib/libc_v7em_fpv4_sp_d16_hard_t_le_eabi.a(libc2.o)
                0x00003e06                __putc
 .text.libc.__RAL_print_padding
                0x00003e3a       0x1c C:/Program Files (x86)/SEGGER/SEGGER Embedded Studio for ARM 4.50/lib/libc_v7em_fpv4_sp_d16_hard_t_le_eabi.a(libc2.o)
                0x00003e3a                __RAL_print_padding
 .text.libc.__RAL_pre_padding
                0x00003e56       0x1a C:/Program Files (x86)/SEGGER/SEGGER Embedded Studio for ARM 4.50/lib/libc_v7em_fpv4_sp_d16_hard_t_le_eabi.a(libc2.o)
                0x00003e56                __RAL_pre_padding
 .text.libc.__RAL_isctype
                0x00003e70       0x14 C:/Program Files (x86)/SEGGER/SEGGER Embedded Studio for ARM 4.50/lib/libc_v7em_fpv4_sp_d16_hard_t_le_eabi.a(libc2.o)
                0x00003e70                __RAL_isctype
 .text.libc.isupper
                0x00003e84        0xa C:/Program Files (x86)/SEGGER/SEGGER Embedded Studio for ARM 4.50/lib/libc_v7em_fpv4_sp_d16_hard_t_le_eabi.a(libc2.o)
                0x00003e84                isupper
 .text.libc.islower
                0x00003e8e        0xa C:/Program Files (x86)/SEGGER/SEGGER Embedded Studio for ARM 4.50/lib/libc_v7em_fpv4_sp_d16_hard_t_le_eabi.a(libc2.o)
                0x00003e8e                islower
 .text.libc.isdigit
                0x00003e98        0xa C:/Program Files (x86)/SEGGER/SEGGER Embedded Studio for ARM 4.50/lib/libc_v7em_fpv4_sp_d16_hard_t_le_eabi.a(libc2.o)
                0x00003e98                isdigit
 .text.libc.__digit
                0x00003ea2       0x3c C:/Program Files (x86)/SEGGER/SEGGER Embedded Studio for ARM 4.50/lib/libc_v7em_fpv4_sp_d16_hard_t_le_eabi.a(libc2.o)
                0x00003ea2                __digit
 .text.libc.isspace
                0x00003ede        0xa C:/Program Files (x86)/SEGGER/SEGGER Embedded Studio for ARM 4.50/lib/libc_v7em_fpv4_sp_d16_hard_t_le_eabi.a(libc2.o)
                0x00003ede                isspace
 .text.libc.toupper
                0x00003ee8       0x14 C:/Program Files (x86)/SEGGER/SEGGER Embedded Studio for ARM 4.50/lib/libc_v7em_fpv4_sp_d16_hard_t_le_eabi.a(libc2.o)
                0x00003ee8                toupper
 .text.libc.rand
                0x00003efc       0x20 C:/Program Files (x86)/SEGGER/SEGGER Embedded Studio for ARM 4.50/lib/libc_v7em_fpv4_sp_d16_hard_t_le_eabi.a(libc2.o)
                0x00003efc                rand
 .text.libc.sprintf
                0x00003f1c       0x2a C:/Program Files (x86)/SEGGER/SEGGER Embedded Studio for ARM 4.50/lib/libc_v7em_fpv4_sp_d16_hard_t_le_eabi.a(libc2.o)
                0x00003f1c                sprintf
 .text.libc.sscanf
                0x00003f46       0x26 C:/Program Files (x86)/SEGGER/SEGGER Embedded Studio for ARM 4.50/lib/libc_v7em_fpv4_sp_d16_hard_t_le_eabi.a(libc2.o)
                0x00003f46                sscanf
 .text.libc.strnlen
                0x00003f6c       0x22 C:/Program Files (x86)/SEGGER/SEGGER Embedded Studio for ARM 4.50/lib/libc_v7em_fpv4_sp_d16_hard_t_le_eabi.a(libc2.o)
                0x00003f6c                strnlen
 .text.libc.memcpy
                0x00003f8e       0x52 C:/Program Files (x86)/SEGGER/SEGGER Embedded Studio for ARM 4.50/lib/libc_v7em_fpv4_sp_d16_hard_t_le_eabi.a(libc2_asm.o)
                0x00003f8e                __aeabi_memcpy
                0x00003f8e                memcpy
                0x00003f9a                __aeabi_memcpy8
                0x00003f9a                __aeabi_memcpy4
 .text.libc.memset
                0x00003fe0       0x66 C:/Program Files (x86)/SEGGER/SEGGER Embedded Studio for ARM 4.50/lib/libc_v7em_fpv4_sp_d16_hard_t_le_eabi.a(libc2_asm.o)
                0x00003fe0                memset
 .text.libc.strcpy
                0x00004046       0x44 C:/Program Files (x86)/SEGGER/SEGGER Embedded Studio for ARM 4.50/lib/libc_v7em_fpv4_sp_d16_hard_t_le_eabi.a(libc2_asm.o)
                0x00004046                strcpy
 .text.libc.strcmp
                0x0000408a       0x4e C:/Program Files (x86)/SEGGER/SEGGER Embedded Studio for ARM 4.50/lib/libc_v7em_fpv4_sp_d16_hard_t_le_eabi.a(libc2_asm.o)
                0x0000408a                strcmp
 .text.libc.strlen
                0x000040d8       0x60 C:/Program Files (x86)/SEGGER/SEGGER Embedded Studio for ARM 4.50/lib/libc_v7em_fpv4_sp_d16_hard_t_le_eabi.a(libc2_asm.o)
                0x000040d8                strlen
 .text.libc.__vfprintf_long
                0x00004138      0x664 C:/Program Files (x86)/SEGGER/SEGGER Embedded Studio for ARM 4.50/lib/libvfprintf_v7em_fpv4_sp_d16_hard_t_le_eabi.o
                0x00004138                __vfprintf_long
 .text.libc.__ungetc
                0x0000479c       0x1e C:/Program Files (x86)/SEGGER/SEGGER Embedded Studio for ARM 4.50/lib/libvfscanf_v7em_fpv4_sp_d16_hard_t_le_eabi.o
 .text.libc.rd_string
                0x000047ba       0xb0 C:/Program Files (x86)/SEGGER/SEGGER Embedded Studio for ARM 4.50/lib/libvfscanf_v7em_fpv4_sp_d16_hard_t_le_eabi.o
 .text.libc.rd_string_map
                0x0000486a       0x9a C:/Program Files (x86)/SEGGER/SEGGER Embedded Studio for ARM 4.50/lib/libvfscanf_v7em_fpv4_sp_d16_hard_t_le_eabi.o
 .text.libc.rd_int
                0x00004904      0x164 C:/Program Files (x86)/SEGGER/SEGGER Embedded Studio for ARM 4.50/lib/libvfscanf_v7em_fpv4_sp_d16_hard_t_le_eabi.o
 .text.libc.__vfscanf_int
                0x00004a68      0x42c C:/Program Files (x86)/SEGGER/SEGGER Embedded Studio for ARM 4.50/lib/libvfscanf_v7em_fpv4_sp_d16_hard_t_le_eabi.o
                0x00004a68                __vfscanf_int
                0x00004e94                __text_end__ = (__text_start__ + SIZEOF (.text))
                0x00004ac0                __text_size__ = SIZEOF (.text)
                0x00004e94                __text_load_end__ = __text_end__

.vfp11_veneer   0x00000000        0x0
 .vfp11_veneer  0x00000000        0x0 linker stubs

.v4_bx          0x00000000        0x0
 .v4_bx         0x00000000        0x0 linker stubs

.iplt           0x00000000        0x0
 .iplt          0x00000000        0x0 Output/tdoa_tag Release/Obj/thumb_crt0.o
                0x00000001                . = ASSERT (((__text_start__ == __text_end__) || ((__text_end__ - __FLASH_segment_start__) <= __FLASH_segment_size__)), error: .text is too large to fit in FLASH memory segment)
                0x00004e94                __log_const_data_load_start__ = ALIGN (__text_end__, 0x4)

.log_const_data
                0x00004e94        0x0
                0x00004e94                __log_const_data_start__ = .
                0x00004e94                __start_log_const_data = __log_const_data_start__
 *(SORT_BY_NAME(.log_const_data*))
                0x00004e94                __log_const_data_end__ = (__log_const_data_start__ + SIZEOF (.log_const_data))
                0x00000000                __log_const_data_size__ = SIZEOF (.log_const_data)
                0x00004e94                __stop_log_const_data = __log_const_data_end__
                0x00004e94                __log_const_data_load_end__ = __log_const_data_end__
                0x00000001                . = ASSERT (((__log_const_data_start__ == __log_const_data_end__) || ((__log_const_data_end__ - __FLASH_segment_start__) <= __FLASH_segment_size__)), error: .log_const_data is too large to fit in FLASH memory segment)
                0x00004e94                __log_backends_load_start__ = ALIGN (__log_const_data_end__, 0x4)

.log_backends   0x00004e94        0x0
                0x00004e94                __log_backends_start__ = .
                0x00004e94                __start_log_backends = __log_backends_start__
 *(SORT_BY_NAME(.log_backends*))
                0x00004e94                __log_backends_end__ = (__log_backends_start__ + SIZEOF (.log_backends))
                0x00000000                __log_backends_size__ = SIZEOF (.log_backends)
                0x00004e94                __stop_log_backends = __log_backends_end__
                0x00004e94                __log_backends_load_end__ = __log_backends_end__
                0x00000001                . = ASSERT (((__log_backends_start__ == __log_backends_end__) || ((__log_backends_end__ - __FLASH_segment_start__) <= __FLASH_segment_size__)), error: .log_backends is too large to fit in FLASH memory segment)
                0x00004e94                __nrf_balloc_load_start__ = ALIGN (__log_backends_end__, 0x4)

.nrf_balloc     0x00004e94        0x0
                0x00004e94                __nrf_balloc_start__ = .
                0x00004e94                __start_nrf_balloc = __nrf_balloc_start__
 *(.nrf_balloc*)
                0x00004e94                __nrf_balloc_end__ = (__nrf_balloc_start__ + SIZEOF (.nrf_balloc))
                0x00000000                __nrf_balloc_size__ = SIZEOF (.nrf_balloc)
                0x00004e94                __stop_nrf_balloc = __nrf_balloc_end__
                0x00004e94                __nrf_balloc_load_end__ = __nrf_balloc_end__
                0x00000001                . = ASSERT (((__nrf_balloc_start__ == __nrf_balloc_end__) || ((__nrf_balloc_end__ - __FLASH_segment_start__) <= __FLASH_segment_size__)), error: .nrf_balloc is too large to fit in FLASH memory segment)
                0x00004e94                __nrf_sections_load_start__ = ALIGN (__nrf_balloc_end__, 0x4)

.nrf_sections   0x00004e94        0x0
                0x00004e94                __nrf_sections_start__ = .
                0x00004e94                __start_nrf_sections = __nrf_sections_start__
 *(.nrf_sections .nrf_sections.*)
                0x00004e94                __nrf_sections_end__ = (__nrf_sections_start__ + SIZEOF (.nrf_sections))
                0x00000000                __nrf_sections_size__ = SIZEOF (.nrf_sections)
                0x00004e94                __nrf_sections_load_end__ = __nrf_sections_end__
                0x00000001                . = ASSERT (((__nrf_sections_start__ == __nrf_sections_end__) || ((__nrf_sections_end__ - __FLASH_segment_start__) <= __FLASH_segment_size__)), error: .nrf_sections is too large to fit in FLASH memory segment)
                0x00004e94                __log_dynamic_data_load_start__ = ALIGN (__nrf_sections_end__, 0x4)

.log_dynamic_data
                0x20000000        0x0 load address 0x00004e94
                0x20000000                __log_dynamic_data_start__ = .
 *(SORT_BY_NAME(.log_dynamic_data*))
                0x20000000                __log_dynamic_data_end__ = (__log_dynamic_data_start__ + SIZEOF (.log_dynamic_data))
                0x00000000                __log_dynamic_data_size__ = SIZEOF (.log_dynamic_data)
                0x00004e94                __log_dynamic_data_load_end__ = (__log_dynamic_data_load_start__ + SIZEOF (.log_dynamic_data))
                0x00000001                . = ASSERT (((__log_dynamic_data_load_start__ == __log_dynamic_data_load_end__) || ((__log_dynamic_data_load_end__ - __FLASH_segment_start__) <= __FLASH_segment_size__)), error: .log_dynamic_data is too large to fit in FLASH memory segment)

.log_dynamic_data_run
                0x20000000        0x0
                0x20000000                __log_dynamic_data_run_start__ = .
                0x20000000                __start_log_dynamic_data = __log_dynamic_data_run_start__
                0x20000000                . = MAX ((__log_dynamic_data_run_start__ + SIZEOF (.log_dynamic_data)), .)
                0x20000000                __log_dynamic_data_run_end__ = (__log_dynamic_data_run_start__ + SIZEOF (.log_dynamic_data_run))
                0x00000000                __log_dynamic_data_run_size__ = SIZEOF (.log_dynamic_data_run)
                0x20000000                __stop_log_dynamic_data = __log_dynamic_data_run_end__
                0x20000000                __log_dynamic_data_run_load_end__ = __log_dynamic_data_run_end__
                0x00000001                . = ASSERT (((__log_dynamic_data_run_start__ == __log_dynamic_data_run_end__) || ((__log_dynamic_data_run_end__ - __RAM_segment_start__) <= __RAM_segment_size__)), error: .log_dynamic_data_run is too large to fit in RAM memory segment)
                0x00004e94                __log_filter_data_load_start__ = ALIGN ((__log_dynamic_data_load_start__ + SIZEOF (.log_dynamic_data)), 0x4)

.log_filter_data
                0x20000000        0x0 load address 0x00004e94
                0x20000000                __log_filter_data_start__ = .
 *(SORT_BY_NAME(.log_filter_data*))
                0x20000000                __log_filter_data_end__ = (__log_filter_data_start__ + SIZEOF (.log_filter_data))
                0x00000000                __log_filter_data_size__ = SIZEOF (.log_filter_data)
                0x00004e94                __log_filter_data_load_end__ = (__log_filter_data_load_start__ + SIZEOF (.log_filter_data))
                0x00000001                . = ASSERT (((__log_filter_data_load_start__ == __log_filter_data_load_end__) || ((__log_filter_data_load_end__ - __FLASH_segment_start__) <= __FLASH_segment_size__)), error: .log_filter_data is too large to fit in FLASH memory segment)

.log_filter_data_run
                0x20000000        0x0
                0x20000000                __log_filter_data_run_start__ = .
                0x20000000                __start_log_filter_data = __log_filter_data_run_start__
                0x20000000                . = MAX ((__log_filter_data_run_start__ + SIZEOF (.log_filter_data)), .)
                0x20000000                __log_filter_data_run_end__ = (__log_filter_data_run_start__ + SIZEOF (.log_filter_data_run))
                0x00000000                __log_filter_data_run_size__ = SIZEOF (.log_filter_data_run)
                0x20000000                __stop_log_filter_data = __log_filter_data_run_end__
                0x20000000                __log_filter_data_run_load_end__ = __log_filter_data_run_end__
                0x00000001                . = ASSERT (((__log_filter_data_run_start__ == __log_filter_data_run_end__) || ((__log_filter_data_run_end__ - __RAM_segment_start__) <= __RAM_segment_size__)), error: .log_filter_data_run is too large to fit in RAM memory segment)
                0x20000000                __nrf_sections_run_end_load_start__ = ALIGN (__log_filter_data_run_end__, 0x4)

.nrf_sections_run_end
                0x20000000        0x0
                0x20000000                __nrf_sections_run_end_start__ = .
                0x20000000                __end_nrf_sections_run = __nrf_sections_run_end_start__
 *(.nrf_sections_run_end .nrf_sections_run_end.*)
                0x20000000                __nrf_sections_run_end_end__ = (__nrf_sections_run_end_start__ + SIZEOF (.nrf_sections_run_end))
                0x00000000                __nrf_sections_run_end_size__ = SIZEOF (.nrf_sections_run_end)
                0x20000000                __nrf_sections_run_end_load_end__ = __nrf_sections_run_end_end__
                0x00000001                . = ASSERT (((__nrf_sections_run_end_start__ == __nrf_sections_run_end_end__) || ((__nrf_sections_run_end_end__ - __RAM_segment_start__) <= __RAM_segment_size__)), error: .nrf_sections_run_end is too large to fit in RAM memory segment)
                0x00004e94                __dtors_load_start__ = ALIGN ((__log_filter_data_load_start__ + SIZEOF (.log_filter_data)), 0x4)

.dtors          0x00004e94        0x0
                0x00004e94                __dtors_start__ = .
 *(SORT_BY_NAME(.dtors.*))
 *(.dtors)
 *(.fini_array)
 *(SORT_BY_NAME(.fini_array.*))
                0x00004e94                __dtors_end__ = (__dtors_start__ + SIZEOF (.dtors))
                0x00000000                __dtors_size__ = SIZEOF (.dtors)
                0x00004e94                __dtors_load_end__ = __dtors_end__
                0x00000001                . = ASSERT (((__dtors_start__ == __dtors_end__) || ((__dtors_end__ - __FLASH_segment_start__) <= __FLASH_segment_size__)), error: .dtors is too large to fit in FLASH memory segment)
                0x00004e94                __ctors_load_start__ = ALIGN (__dtors_end__, 0x4)

.ctors          0x00004e94        0x0
                0x00004e94                __ctors_start__ = .
 *(SORT_BY_NAME(.ctors.*))
 *(.ctors)
 *(.init_array)
 *(SORT_BY_NAME(.init_array.*))
                0x00004e94                __ctors_end__ = (__ctors_start__ + SIZEOF (.ctors))
                0x00000000                __ctors_size__ = SIZEOF (.ctors)
                0x00004e94                __ctors_load_end__ = __ctors_end__
                0x00000001                . = ASSERT (((__ctors_start__ == __ctors_end__) || ((__ctors_end__ - __FLASH_segment_start__) <= __FLASH_segment_size__)), error: .ctors is too large to fit in FLASH memory segment)
                0x00004e94                __rodata_load_start__ = ALIGN (__ctors_end__, 0x4)

.rodata         0x00004e94      0x81b
                0x00004e94                __rodata_start__ = .
 *(.rodata .rodata.* .gnu.linkonce.r.*)
 .rodata.cmd_onERROR.isra.0.str1.1
                0x00004e94        0x9 Output/tdoa_tag Release/Obj/cmd.o
                                  0xc (size before relaxing)
 .rodata.command_parser.str1.1
                0x00004e9d       0x25 Output/tdoa_tag Release/Obj/cmd.o
 .rodata.f_tagID.str1.1
                0x00004ec2        0x9 Output/tdoa_tag Release/Obj/cmd_fn.o
 .rodata.f_help_app.str1.1
                0x00004ecb        0x6 Output/tdoa_tag Release/Obj/cmd_fn.o
 .rodata.f_decaTDoATag.str1.1
                0x00004ed1       0xa9 Output/tdoa_tag Release/Obj/cmd_fn.o
                                 0xb1 (size before relaxing)
 .rodata.f_jstat.str1.1
                0x00004f7a      0x109 Output/tdoa_tag Release/Obj/cmd_fn.o
 .rodata.str1.1
                0x00005083       0x80 Output/tdoa_tag Release/Obj/cmd_fn.o
 .rodata.CMD_FN_RET_OK
                0x00005103        0x5 Output/tdoa_tag Release/Obj/cmd_fn.o
                0x00005103                CMD_FN_RET_OK
 .rodata.known_commands
                0x00005108       0xe4 Output/tdoa_tag Release/Obj/cmd_fn.o
                0x00005108                known_commands
 .rodata.waitForCommand.str1.1
                0x000051ec        0xe Output/tdoa_tag Release/Obj/cmd_uart_rx.o
                                 0x11 (size before relaxing)
 *fill*         0x000051fa        0x2 
 .rodata        0x000051fc       0x18 Output/tdoa_tag Release/Obj/deca_uart.o
 .rodata        0x00005214       0x40 Output/tdoa_tag Release/Obj/port_platform.o
 *fill*         0x00005254        0xc 
 .rodata.delay_bytecode.7740
                0x00005260        0x6 Output/tdoa_tag Release/Obj/port_platform.o
 *fill*         0x00005266        0x2 
 .rodata.rtc    0x00005268        0x8 Output/tdoa_tag Release/Obj/port_platform.o
                0x00005268                rtc
 .rodata.spi    0x00005270       0x10 Output/tdoa_tag Release/Obj/port_platform.o
 .rodata.m_twi  0x00005280       0x10 Output/tdoa_tag Release/Obj/twi.o
 .rodata.agc_config
                0x00005290        0x8 Output/tdoa_tag Release/Obj/deca_params_init.o
                0x00005290                agc_config
 .rodata.chan_idx
                0x00005298        0x8 Output/tdoa_tag Release/Obj/deca_params_init.o
                0x00005298                chan_idx
 .rodata.digital_bb_config
                0x000052a0       0x20 Output/tdoa_tag Release/Obj/deca_params_init.o
                0x000052a0                digital_bb_config
 .rodata.dtune1
                0x000052c0        0x4 Output/tdoa_tag Release/Obj/deca_params_init.o
                0x000052c0                dtune1
 .rodata.dwnsSFDlen
                0x000052c4        0x3 Output/tdoa_tag Release/Obj/deca_params_init.o
                0x000052c4                dwnsSFDlen
 *fill*         0x000052c7        0x1 
 .rodata.fs_pll_cfg
                0x000052c8       0x18 Output/tdoa_tag Release/Obj/deca_params_init.o
                0x000052c8                fs_pll_cfg
 .rodata.fs_pll_tune
                0x000052e0        0x6 Output/tdoa_tag Release/Obj/deca_params_init.o
                0x000052e0                fs_pll_tune
 .rodata.lde_replicaCoeff
                0x000052e6       0x32 Output/tdoa_tag Release/Obj/deca_params_init.o
                0x000052e6                lde_replicaCoeff
 .rodata.rx_config
                0x00005318        0x2 Output/tdoa_tag Release/Obj/deca_params_init.o
                0x00005318                rx_config
 .rodata.sftsh  0x0000531a        0xc Output/tdoa_tag Release/Obj/deca_params_init.o
                0x0000531a                sftsh
 *fill*         0x00005326        0x2 
 .rodata.tx_config
                0x00005328       0x18 Output/tdoa_tag Release/Obj/deca_params_init.o
                0x00005328                tx_config
 .rodata        0x00005340        0x8 Output/tdoa_tag Release/Obj/instance.o
 .rodata.txSpectrumConfig
                0x00005348       0x60 Output/tdoa_tag Release/Obj/instance.o
                0x00005348                txSpectrumConfig
 .rodata.CSWTCH.1
                0x000053a8        0x5 Output/tdoa_tag Release/Obj/translate.o
 .rodata.CSWTCH.10
                0x000053ad        0x4 Output/tdoa_tag Release/Obj/translate.o
 *fill*         0x000053b1        0x1 
 .rodata.CSWTCH.13
                0x000053b2       0x62 Output/tdoa_tag Release/Obj/translate.o
 .rodata.CSWTCH.5
                0x00005414        0x6 Output/tdoa_tag Release/Obj/translate.o
 *fill*         0x0000541a        0x2 
 .rodata        0x0000541c       0x20 Output/tdoa_tag Release/Obj/app_uart.o
 *fill*         0x0000543c        0x4 
 .rodata.delay_bytecode.7603
                0x00005440        0x6 Output/tdoa_tag Release/Obj/nrf_drv_twi.o
 *fill*         0x00005446        0x2 
 .rodata.libc.__RAL_find_locale.str1.4
                0x00005448        0xa C:/Program Files (x86)/SEGGER/SEGGER Embedded Studio for ARM 4.50/lib/libc_v7em_fpv4_sp_d16_hard_t_le_eabi.a(libc2.o)
 *fill*         0x00005452        0x2 
 .rodata.libc.__RAL_ascii_ctype_map
                0x00005454       0x80 C:/Program Files (x86)/SEGGER/SEGGER Embedded Studio for ARM 4.50/lib/libc_v7em_fpv4_sp_d16_hard_t_le_eabi.a(libc2.o)
                0x00005454                __RAL_ascii_ctype_map
 .rodata.libc.__RAL_ascii_ctype_mask
                0x000054d4        0xd C:/Program Files (x86)/SEGGER/SEGGER Embedded Studio for ARM 4.50/lib/libc_v7em_fpv4_sp_d16_hard_t_le_eabi.a(libc2.o)
 *fill*         0x000054e1        0x3 
 .rodata.libc.__RAL_c_locale
                0x000054e4        0xc C:/Program Files (x86)/SEGGER/SEGGER Embedded Studio for ARM 4.50/lib/libc_v7em_fpv4_sp_d16_hard_t_le_eabi.a(libc2.o)
                0x000054e4                __RAL_c_locale
 .rodata.libc.__RAL_c_locale_abbrev_day_names
                0x000054f0       0x1d C:/Program Files (x86)/SEGGER/SEGGER Embedded Studio for ARM 4.50/lib/libc_v7em_fpv4_sp_d16_hard_t_le_eabi.a(libc2.o)
                0x000054f0                __RAL_c_locale_abbrev_day_names
 *fill*         0x0000550d        0x3 
 .rodata.libc.__RAL_c_locale_abbrev_month_names
                0x00005510       0x31 C:/Program Files (x86)/SEGGER/SEGGER Embedded Studio for ARM 4.50/lib/libc_v7em_fpv4_sp_d16_hard_t_le_eabi.a(libc2.o)
                0x00005510                __RAL_c_locale_abbrev_month_names
 *fill*         0x00005541        0x3 
 .rodata.libc.__RAL_c_locale_am_pm_indicator
                0x00005544        0x7 C:/Program Files (x86)/SEGGER/SEGGER Embedded Studio for ARM 4.50/lib/libc_v7em_fpv4_sp_d16_hard_t_le_eabi.a(libc2.o)
                0x00005544                __RAL_c_locale_am_pm_indicator
 *fill*         0x0000554b        0x1 
 .rodata.libc.__RAL_c_locale_data
                0x0000554c       0x58 C:/Program Files (x86)/SEGGER/SEGGER Embedded Studio for ARM 4.50/lib/libc_v7em_fpv4_sp_d16_hard_t_le_eabi.a(libc2.o)
                0x0000554c                __RAL_c_locale_data
 .rodata.libc.__RAL_c_locale_date_format
                0x000055a4        0x9 C:/Program Files (x86)/SEGGER/SEGGER Embedded Studio for ARM 4.50/lib/libc_v7em_fpv4_sp_d16_hard_t_le_eabi.a(libc2.o)
                0x000055a4                __RAL_c_locale_date_format
 *fill*         0x000055ad        0x3 
 .rodata.libc.__RAL_c_locale_date_time_format
                0x000055b0        0xf C:/Program Files (x86)/SEGGER/SEGGER Embedded Studio for ARM 4.50/lib/libc_v7em_fpv4_sp_d16_hard_t_le_eabi.a(libc2.o)
                0x000055b0                __RAL_c_locale_date_time_format
 *fill*         0x000055bf        0x1 
 .rodata.libc.__RAL_c_locale_day_names
                0x000055c0       0x3a C:/Program Files (x86)/SEGGER/SEGGER Embedded Studio for ARM 4.50/lib/libc_v7em_fpv4_sp_d16_hard_t_le_eabi.a(libc2.o)
                0x000055c0                __RAL_c_locale_day_names
 *fill*         0x000055fa        0x2 
 .rodata.libc.__RAL_c_locale_month_names
                0x000055fc       0x57 C:/Program Files (x86)/SEGGER/SEGGER Embedded Studio for ARM 4.50/lib/libc_v7em_fpv4_sp_d16_hard_t_le_eabi.a(libc2.o)
                0x000055fc                __RAL_c_locale_month_names
 *fill*         0x00005653        0x1 
 .rodata.libc.__RAL_c_locale_time_format
                0x00005654        0x9 C:/Program Files (x86)/SEGGER/SEGGER Embedded Studio for ARM 4.50/lib/libc_v7em_fpv4_sp_d16_hard_t_le_eabi.a(libc2.o)
                0x00005654                __RAL_c_locale_time_format
 *fill*         0x0000565d        0x3 
 .rodata.libc.__RAL_codeset_ascii
                0x00005660       0x20 C:/Program Files (x86)/SEGGER/SEGGER Embedded Studio for ARM 4.50/lib/libc_v7em_fpv4_sp_d16_hard_t_le_eabi.a(libc2.o)
                0x00005660                __RAL_codeset_ascii
 .rodata.libc.__RAL_data_empty_string
                0x00005680        0x1 C:/Program Files (x86)/SEGGER/SEGGER Embedded Studio for ARM 4.50/lib/libc_v7em_fpv4_sp_d16_hard_t_le_eabi.a(libc2.o)
                0x00005680                __RAL_data_empty_string
 *fill*         0x00005681        0x3 
 .rodata.libc.__RAL_data_utf8_period
                0x00005684        0x2 C:/Program Files (x86)/SEGGER/SEGGER Embedded Studio for ARM 4.50/lib/libc_v7em_fpv4_sp_d16_hard_t_le_eabi.a(libc2.o)
                0x00005684                __RAL_data_utf8_period
 *fill*         0x00005686        0x2 
 .rodata.libc.__RAL_hex_lc
                0x00005688       0x10 C:/Program Files (x86)/SEGGER/SEGGER Embedded Studio for ARM 4.50/lib/libc_v7em_fpv4_sp_d16_hard_t_le_eabi.a(libc2.o)
                0x00005688                __RAL_hex_lc
 .rodata.libc.__RAL_hex_uc
                0x00005698       0x10 C:/Program Files (x86)/SEGGER/SEGGER Embedded Studio for ARM 4.50/lib/libc_v7em_fpv4_sp_d16_hard_t_le_eabi.a(libc2.o)
                0x00005698                __RAL_hex_uc
 .rodata.libc.__vfprintf_int.str1.4
                0x000056a8        0x7 C:/Program Files (x86)/SEGGER/SEGGER Embedded Studio for ARM 4.50/lib/libvfprintf_v7em_fpv4_sp_d16_hard_t_le_eabi.o
                0x000056af                __rodata_end__ = (__rodata_start__ + SIZEOF (.rodata))
                0x0000081b                __rodata_size__ = SIZEOF (.rodata)
                0x000056af                __rodata_load_end__ = __rodata_end__
                0x00000001                . = ASSERT (((__rodata_start__ == __rodata_end__) || ((__rodata_end__ - __FLASH_segment_start__) <= __FLASH_segment_size__)), error: .rodata is too large to fit in FLASH memory segment)
                0x000056b0                __ARM.exidx_load_start__ = ALIGN (__rodata_end__, 0x4)

.ARM.exidx      0x000056b0        0x0
                0x000056b0                __ARM.exidx_start__ = .
                0x000056b0                __exidx_start = __ARM.exidx_start__
 *(.ARM.exidx .ARM.exidx.*)
                0x000056b0                __ARM.exidx_end__ = (__ARM.exidx_start__ + SIZEOF (.ARM.exidx))
                0x00000000                __ARM.exidx_size__ = SIZEOF (.ARM.exidx)
                0x000056b0                __exidx_end = __ARM.exidx_end__
                0x000056b0                __ARM.exidx_load_end__ = __ARM.exidx_end__
                0x00000001                . = ASSERT (((__ARM.exidx_start__ == __ARM.exidx_end__) || ((__ARM.exidx_end__ - __FLASH_segment_start__) <= __FLASH_segment_size__)), error: .ARM.exidx is too large to fit in FLASH memory segment)
                0x000056b0                __fast_load_start__ = ALIGN (__ARM.exidx_end__, 0x4)

.fast           0x20000000        0x0 load address 0x000056b0
                0x20000000                __fast_start__ = .
 *(.fast .fast.*)
                0x20000000                __fast_end__ = (__fast_start__ + SIZEOF (.fast))
                0x00000000                __fast_size__ = SIZEOF (.fast)
                0x000056b0                __fast_load_end__ = (__fast_load_start__ + SIZEOF (.fast))
                0x00000001                . = ASSERT (((__fast_load_start__ == __fast_load_end__) || ((__fast_load_end__ - __FLASH_segment_start__) <= __FLASH_segment_size__)), error: .fast is too large to fit in FLASH memory segment)

.fast_run       0x20000000        0x0
                0x20000000                __fast_run_start__ = .
                0x20000000                . = MAX ((__fast_run_start__ + SIZEOF (.fast)), .)
                0x20000000                __fast_run_end__ = (__fast_run_start__ + SIZEOF (.fast_run))
                0x00000000                __fast_run_size__ = SIZEOF (.fast_run)
                0x20000000                __fast_run_load_end__ = __fast_run_end__
                0x00000001                . = ASSERT (((__fast_run_start__ == __fast_run_end__) || ((__fast_run_end__ - __RAM_segment_start__) <= __RAM_segment_size__)), error: .fast_run is too large to fit in RAM memory segment)
                0x000056b0                __data_load_start__ = ALIGN ((__fast_load_start__ + SIZEOF (.fast)), 0x4)

.data           0x20000000       0x34 load address 0x000056b0
                0x20000000                __data_start__ = .
 *(.data .data.* .gnu.linkonce.d.*)
 .data.old_ready_pin
                0x20000000        0x4 Output/tdoa_tag Release/Obj/port_platform.o
 .data.timer_tick_inc
                0x20000004        0x4 Output/tdoa_tag Release/Obj/port_platform.o
 .data.pdw1000local
                0x20000008        0x4 Output/tdoa_tag Release/Obj/deca_device.o
 .data.app_uart_inst
                0x2000000c        0xc Output/tdoa_tag Release/Obj/app_uart.o
 .data.SystemCoreClock
                0x20000018        0x4 Output/tdoa_tag Release/Obj/system_nrf52.o
                0x20000018                SystemCoreClock
 .data.libc.__RAL_global_locale
                0x2000001c       0x14 C:/Program Files (x86)/SEGGER/SEGGER Embedded Studio for ARM 4.50/lib/libc_v7em_fpv4_sp_d16_hard_t_le_eabi.a(libc2.o)
                0x2000001c                __RAL_global_locale
 .data.libc.__RAL_rand_next
                0x20000030        0x4 C:/Program Files (x86)/SEGGER/SEGGER Embedded Studio for ARM 4.50/lib/libc_v7em_fpv4_sp_d16_hard_t_le_eabi.a(libc2.o)
                0x20000030                __RAL_rand_next
                0x20000034                __data_end__ = (__data_start__ + SIZEOF (.data))
                0x00000034                __data_size__ = SIZEOF (.data)
                0x000056e4                __data_load_end__ = (__data_load_start__ + SIZEOF (.data))

.igot.plt       0x00000000        0x0
 .igot.plt      0x00000000        0x0 Output/tdoa_tag Release/Obj/thumb_crt0.o
                0x00000001                . = ASSERT (((__data_load_start__ == __data_load_end__) || ((__data_load_end__ - __FLASH_segment_start__) <= __FLASH_segment_size__)), error: .data is too large to fit in FLASH memory segment)

.data_run       0x20000000       0x34 load address 0x000056b0
                0x20000000                __data_run_start__ = .
                0x20000034                . = MAX ((__data_run_start__ + SIZEOF (.data)), .)
 *fill*         0x20000000       0x34 
                0x20000034                __data_run_end__ = (__data_run_start__ + SIZEOF (.data_run))
                0x00000034                __data_run_size__ = SIZEOF (.data_run)
                0x20000034                __data_run_load_end__ = __data_run_end__
                0x00000001                . = ASSERT (((__data_run_start__ == __data_run_end__) || ((__data_run_end__ - __RAM_segment_start__) <= __RAM_segment_size__)), error: .data_run is too large to fit in RAM memory segment)
                0x000056e4                __tdata_load_start__ = ALIGN ((__data_load_start__ + SIZEOF (.data)), 0x4)

.tdata          0x20000034        0x0 load address 0x000056e4
                0x20000034                __tdata_start__ = .
 *(.tdata .tdata.*)
                0x20000034                __tdata_end__ = (__tdata_start__ + SIZEOF (.tdata))
                0x00000000                __tdata_size__ = SIZEOF (.tdata)
                0x000056e4                __tdata_load_end__ = (__tdata_load_start__ + SIZEOF (.tdata))
                0x00000001                . = ASSERT (((__tdata_load_start__ == __tdata_load_end__) || ((__tdata_load_end__ - __FLASH_segment_start__) <= __FLASH_segment_size__)), error: .tdata is too large to fit in FLASH memory segment)

.tdata_run      0x20000034        0x0
                0x20000034                __tdata_run_start__ = .
                0x20000034                . = MAX ((__tdata_run_start__ + SIZEOF (.tdata)), .)
                0x20000034                __tdata_run_end__ = (__tdata_run_start__ + SIZEOF (.tdata_run))
                0x00000000                __tdata_run_size__ = SIZEOF (.tdata_run)
                0x20000034                __tdata_run_load_end__ = __tdata_run_end__
                0x00000001                . = ASSERT (((__tdata_run_start__ == __tdata_run_end__) || ((__tdata_run_end__ - __RAM_segment_start__) <= __RAM_segment_size__)), error: .tdata_run is too large to fit in RAM memory segment)
                0x20000034                __bss_load_start__ = ALIGN (__tdata_run_end__, 0x4)

.bss            0x20000034      0x4fc
                0x20000034                __bss_start__ = .
 *(.bss .bss.* .gnu.linkonce.b.*)
 .bss.cmdBuf.9611
                0x20000034       0x40 Output/tdoa_tag Release/Obj/cmd_uart_rx.o
 .bss.cmdLen.9610
                0x20000074        0x1 Output/tdoa_tag Release/Obj/cmd_uart_rx.o
 .bss.local_buff
                0x20000075       0x40 Output/tdoa_tag Release/Obj/cmd_uart_rx.o
 *fill*         0x200000b5        0x1 
 .bss.local_buff_length
                0x200000b6        0x2 Output/tdoa_tag Release/Obj/cmd_uart_rx.o
 *fill*         0x200000b8       0x48 
 .bss.tmpConfig
                0x20000100      0x100 Output/tdoa_tag Release/Obj/config.o
 .bss.m_rx_fifo
                0x20000200       0x10 Output/tdoa_tag Release/Obj/deca_uart.o
 .bss.rx_buf    0x20000210      0x100 Output/tdoa_tag Release/Obj/deca_uart.o
 .bss.uart_rx_data_ready
                0x20000310        0x1 Output/tdoa_tag Release/Obj/deca_uart.o
 *fill*         0x20000311        0x3 
 .bss.UART_timeout
                0x20000314        0x4 Output/tdoa_tag Release/Obj/port_platform.o
 .bss.accInterruptHandler
                0x20000318        0x4 Output/tdoa_tag Release/Obj/port_platform.o
 .bss.app_wakeup_check_hook
                0x2000031c        0x4 Output/tdoa_tag Release/Obj/port_platform.o
 .bss.power_down_peripherals_in_sleep
                0x20000320        0x1 Output/tdoa_tag Release/Obj/port_platform.o
 .bss.spi_xfer_done
                0x20000321        0x1 Output/tdoa_tag Release/Obj/port_platform.o
 *fill*         0x20000322        0x2 
 .bss.time32_incr
                0x20000324        0x4 Output/tdoa_tag Release/Obj/port_platform.o
                0x20000324                time32_incr
 .bss.timer_tick_val
                0x20000328        0x4 Output/tdoa_tag Release/Obj/port_platform.o
 .bss.timer_val
                0x2000032c        0x4 Output/tdoa_tag Release/Obj/port_platform.o
 .bss.boTransferDone
                0x20000330        0x1 Output/tdoa_tag Release/Obj/twi.o
 *fill*         0x20000331        0x3 
 .bss.dw1000local
                0x20000334       0x38 Output/tdoa_tag Release/Obj/deca_device.o
 .bss.boInterruptEvent
                0x2000036c        0x1 Output/tdoa_tag Release/Obj/LIS2DH12.o
 .bss.eRsolution
                0x2000036d        0x1 Output/tdoa_tag Release/Obj/LIS2DH12.o
                0x2000036d                eRsolution
 .bss.u8SignExtend
                0x2000036e        0x1 Output/tdoa_tag Release/Obj/LIS2DH12.o
 *fill*         0x2000036f        0x1 
 .bss.app       0x20000370       0x10 Output/tdoa_tag Release/Obj/main.o
                0x20000370                app
 .bss.gMotionDetInt.9852
                0x20000380        0x1 Output/tdoa_tag Release/Obj/main.o
 *fill*         0x20000381        0x3 
 .bss.instance_data
                0x20000384       0x24 Output/tdoa_tag Release/Obj/instance.o
                0x20000384                instance_data
 .bss.m_in_critical_region
                0x200003a8        0x4 Output/tdoa_tag Release/Obj/app_util_platform.o
 .bss.m_event_handler
                0x200003ac        0x4 Output/tdoa_tag Release/Obj/app_uart.o
 .bss.rx_buffer
                0x200003b0        0x1 Output/tdoa_tag Release/Obj/app_uart.o
 .bss.rx_done   0x200003b1        0x1 Output/tdoa_tag Release/Obj/app_uart.o
 .bss.tx_buffer
                0x200003b2        0x1 Output/tdoa_tag Release/Obj/app_uart.o
 *fill*         0x200003b3        0x1 
 .bss.m_clock_cb
                0x200003b4       0x14 Output/tdoa_tag Release/Obj/nrf_drv_clock.o
 .bss.m_contexts
                0x200003c8        0xc Output/tdoa_tag Release/Obj/nrf_drv_spi.o
 .bss.m_handlers
                0x200003d4        0xc Output/tdoa_tag Release/Obj/nrf_drv_spi.o
 .bss.m_cb      0x200003e0       0x3c Output/tdoa_tag Release/Obj/nrfx_timer.o
 .bss.m_cb      0x2000041c       0x2c Output/tdoa_tag Release/Obj/nrfx_spi.o
 .bss.m_contexts
                0x20000448        0x4 Output/tdoa_tag Release/Obj/nrf_drv_uart.o
 .bss.m_handlers
                0x2000044c        0x4 Output/tdoa_tag Release/Obj/nrf_drv_uart.o
 .bss.m_cb      0x20000450       0x2c Output/tdoa_tag Release/Obj/nrfx_uart.o
 .bss.m_cb      0x2000047c       0x3c Output/tdoa_tag Release/Obj/nrfx_twi.o
 .bss.m_contexts
                0x200004b8        0x8 Output/tdoa_tag Release/Obj/nrf_drv_twi.o
 .bss.m_handlers
                0x200004c0        0x8 Output/tdoa_tag Release/Obj/nrf_drv_twi.o
 .bss.m_cb      0x200004c8       0x4c Output/tdoa_tag Release/Obj/nrfx_gpiote.o
 .bss.m_clock_cb
                0x20000514        0x8 Output/tdoa_tag Release/Obj/nrfx_clock.o
 .bss.nrfx_clock_irq_enabled
                0x2000051c        0x1 Output/tdoa_tag Release/Obj/nrfx_clock.o
                0x2000051c                nrfx_clock_irq_enabled
 .bss.m_cb      0x2000051d        0x3 Output/tdoa_tag Release/Obj/nrfx_rtc.o
 .bss.m_handlers
                0x20000520        0x4 Output/tdoa_tag Release/Obj/nrfx_rtc.o
 .bss.m_pofwarn_handler
                0x20000524        0x4 Output/tdoa_tag Release/Obj/nrfx_power.o
 .bss.m_sleepevt_handler
                0x20000528        0x4 Output/tdoa_tag Release/Obj/nrfx_power.o
 .bss.libc.__user_format_extender
                0x2000052c        0x4 C:/Program Files (x86)/SEGGER/SEGGER Embedded Studio for ARM 4.50/lib/libc_v7em_fpv4_sp_d16_hard_t_le_eabi.a(libc2.o)
                0x2000052c                __user_format_extender
 *(COMMON)
                0x20000530                __bss_end__ = (__bss_start__ + SIZEOF (.bss))
                0x000004fc                __bss_size__ = SIZEOF (.bss)
                0x20000530                __bss_load_end__ = __bss_end__
                0x00000001                . = ASSERT (((__bss_start__ == __bss_end__) || ((__bss_end__ - __RAM_segment_start__) <= __RAM_segment_size__)), error: .bss is too large to fit in RAM memory segment)
                0x20000530                __tbss_load_start__ = ALIGN (__bss_end__, 0x4)

.tbss           0x20000530        0x0
                0x20000530                __tbss_start__ = .
 *(.tbss .tbss.*)
                0x20000530                __tbss_end__ = (__tbss_start__ + SIZEOF (.tbss))
                0x00000000                __tbss_size__ = SIZEOF (.tbss)
                0x20000530                __tbss_load_end__ = __tbss_end__
                0x00000001                . = ASSERT (((__tbss_start__ == __tbss_end__) || ((__tbss_end__ - __RAM_segment_start__) <= __RAM_segment_size__)), error: .tbss is too large to fit in RAM memory segment)
                0x20000530                __non_init_load_start__ = ALIGN (__tbss_end__, 0x4)

.non_init       0x20000530        0x0
                0x20000530                __non_init_start__ = .
 *(.non_init .non_init.*)
                0x20000530                __non_init_end__ = (__non_init_start__ + SIZEOF (.non_init))
                0x00000000                __non_init_size__ = SIZEOF (.non_init)
                0x20000530                __non_init_load_end__ = __non_init_end__
                0x00000001                . = ASSERT (((__non_init_start__ == __non_init_end__) || ((__non_init_end__ - __RAM_segment_start__) <= __RAM_segment_size__)), error: .non_init is too large to fit in RAM memory segment)
                0x20000530                __ramfunc_load_start__ = ALIGN (__non_init_end__, 0x4)

.ramfunc        0x20000530        0x0
                0x20000530                __ramfunc_start__ = .
 *(.ramfunc .ramfunc.*)
                0x20000530                __ramfunc_end__ = (__ramfunc_start__ + SIZEOF (.ramfunc))
                0x00000000                __ramfunc_size__ = SIZEOF (.ramfunc)
                0x20000530                __ramfunc_load_end__ = __ramfunc_end__
                0x00000001                . = ASSERT (((__ramfunc_start__ == __ramfunc_end__) || ((__ramfunc_end__ - __RAM_segment_start__) <= __RAM_segment_size__)), error: .ramfunc is too large to fit in RAM memory segment)
                0x20000530                __heap_load_start__ = ALIGN (__ramfunc_end__, 0x4)

.heap           0x20000530      0x800
                0x20000530                __heap_start__ = .
 *(.heap .heap.*)
                0x20000d30                . = ALIGN (MAX ((__heap_start__ + __HEAPSIZE__), .), 0x4)
 *fill*         0x20000530      0x800 
                0x20000d30                __heap_end__ = (__heap_start__ + SIZEOF (.heap))
                0x00000800                __heap_size__ = SIZEOF (.heap)
                0x20000d30                __heap_load_end__ = __heap_end__
                0x00000001                . = ASSERT (((__heap_start__ == __heap_end__) || ((__heap_end__ - __RAM_segment_start__) <= __RAM_segment_size__)), error: .heap is too large to fit in RAM memory segment)
                0x2000f000                __stack_load_start__ = (__RAM_segment_start__ + (__RAM_segment_size__ - 0x1000))

.stack          0x2000f000     0x1000
                0x2000f000                __stack_start__ = .
                0x2000f000                __StackLimit = __stack_start__
 *(.stack .stack.*)
                0x20010000                . = ALIGN (MAX ((__stack_start__ + __STACKSIZE__), .), 0x8)
 *fill*         0x2000f000     0x1000 
                0x20010000                __stack_end__ = (__stack_start__ + SIZEOF (.stack))
                0x00001000                __stack_size__ = SIZEOF (.stack)
                0x20010000                __StackTop = __stack_end__
                0x20010000                __stack_load_end__ = __stack_end__
                0x00000001                . = ASSERT (((__stack_start__ == __stack_end__) || ((__stack_end__ - __RAM_segment_start__) <= __RAM_segment_size__)), error: .stack is too large to fit in RAM memory segment)
                0x00000001                . = ASSERT ((__heap_end__ <= __stack_start__), error: section .heap overlaps absolute placed section .stack)
                0x20010000                __stack_process_load_start__ = ALIGN (__stack_end__, 0x8)

.stack_process  0x20010000        0x0
                0x20010000                __stack_process_start__ = .
 *(.stack_process .stack_process.*)
                0x20010000                . = ALIGN (MAX ((__stack_process_start__ + __STACKSIZE_PROCESS__), .), 0x8)
                0x20010000                __stack_process_end__ = (__stack_process_start__ + SIZEOF (.stack_process))
                0x00000000                __stack_process_size__ = SIZEOF (.stack_process)
                0x20010000                __stack_process_load_end__ = __stack_process_end__
                0x20010000                __RAM_segment_used_end__ = (ALIGN (__stack_end__, 0x8) + SIZEOF (.stack_process))
                0x00010000                __RAM_segment_used_size__ = (__RAM_segment_used_end__ - __RAM_segment_start__)
                0x00000001                . = ASSERT (((__stack_process_start__ == __stack_process_end__) || ((__stack_process_end__ - __RAM_segment_start__) <= __RAM_segment_size__)), error: .stack_process is too large to fit in RAM memory segment)
                0x00070000                __fConfig_load_start__ = 0x70000

.fConfig        0x00070000      0x100
                0x00070000                __fConfig_start__ = .
 *(.fConfig .fConfig.*)
 .fConfig       0x00070000      0x100 Output/tdoa_tag Release/Obj/config.o
                0x00070000                FConfig
                0x00070100                . = ALIGN (MAX ((__fConfig_start__ + 0x100), .), 0x100)
                0x00070100                __fConfig_end__ = (__fConfig_start__ + SIZEOF (.fConfig))
                0x00000100                __fConfig_size__ = SIZEOF (.fConfig)
                0x00070100                __fConfig_load_end__ = __fConfig_end__

.rel.dyn        0x00070100        0x0
 .rel.iplt      0x00070100        0x0 Output/tdoa_tag Release/Obj/thumb_crt0.o
                0x00000001                . = ASSERT (((__fConfig_start__ == __fConfig_end__) || ((__fConfig_end__ - __FLASH_segment_start__) <= __FLASH_segment_size__)), error: .fConfig is too large to fit in FLASH memory segment)
                0x00000001                . = ASSERT ((__tdata_load_end__ <= __fConfig_start__), error: section .tdata overlaps absolute placed section .fConfig)
                0x00070200                __default_config_load_start__ = 0x70200

.default_config
                0x00070200      0x100
                0x00070200                __default_config_start__ = .
 *(.default_config .default_config.*)
                0x00070300                . = ALIGN (MAX ((__default_config_start__ + 0x100), .), 0x100)
 *fill*         0x00070200      0x100 
                0x00070300                __default_config_end__ = (__default_config_start__ + SIZEOF (.default_config))
                0x00000100                __default_config_size__ = SIZEOF (.default_config)
                0x00070300                __default_config_load_end__ = __default_config_end__
                0x00070300                __FLASH_segment_used_end__ = (0x70200 + SIZEOF (.default_config))
                0x00070300                __FLASH_segment_used_size__ = (__FLASH_segment_used_end__ - __FLASH_segment_start__)
                0x00000001                . = ASSERT (((__default_config_start__ == __default_config_end__) || ((__default_config_end__ - __FLASH_segment_start__) <= __FLASH_segment_size__)), error: .default_config is too large to fit in FLASH memory segment)
                0x00000001                . = ASSERT ((__fConfig_end__ <= __default_config_start__), error: section .fConfig overlaps absolute placed section .default_config)
START GROUP
LOAD Output/tdoa_tag Release/Obj/thumb_crt0.o
LOAD Output/tdoa_tag Release/Obj/cmd.o
LOAD Output/tdoa_tag Release/Obj/cmd_fn.o
LOAD Output/tdoa_tag Release/Obj/cmd_uart_rx.o
LOAD Output/tdoa_tag Release/Obj/config.o
LOAD Output/tdoa_tag Release/Obj/deca_uart.o
LOAD Output/tdoa_tag Release/Obj/port_platform.o
LOAD Output/tdoa_tag Release/Obj/twi.o
LOAD Output/tdoa_tag Release/Obj/deca_device.o
LOAD Output/tdoa_tag Release/Obj/deca_params_init.o
LOAD Output/tdoa_tag Release/Obj/LIS2DH12.o
LOAD Output/tdoa_tag Release/Obj/main.o
LOAD Output/tdoa_tag Release/Obj/instance.o
LOAD Output/tdoa_tag Release/Obj/translate.o
LOAD Output/tdoa_tag Release/Obj/boards.o
LOAD Output/tdoa_tag Release/Obj/app_error.o
LOAD Output/tdoa_tag Release/Obj/app_error_weak.o
LOAD Output/tdoa_tag Release/Obj/app_util_platform.o
LOAD Output/tdoa_tag Release/Obj/nrf_assert.o
LOAD Output/tdoa_tag Release/Obj/nrf_atomic.o
LOAD Output/tdoa_tag Release/Obj/nrf_balloc.o
LOAD Output/tdoa_tag Release/Obj/nrf_fprintf.o
LOAD Output/tdoa_tag Release/Obj/nrf_fprintf_format.o
LOAD Output/tdoa_tag Release/Obj/nrf_memobj.o
LOAD Output/tdoa_tag Release/Obj/nrf_ringbuf.o
LOAD Output/tdoa_tag Release/Obj/nrf_strerror.o
LOAD Output/tdoa_tag Release/Obj/app_error_handler_gcc.o
LOAD Output/tdoa_tag Release/Obj/app_uart.o
LOAD Output/tdoa_tag Release/Obj/app_fifo.o
LOAD Output/tdoa_tag Release/Obj/ses_startup_nrf52.o
LOAD Output/tdoa_tag Release/Obj/ses_startup_nrf_common.o
LOAD Output/tdoa_tag Release/Obj/system_nrf52.o
LOAD Output/tdoa_tag Release/Obj/nrf_drv_clock.o
LOAD Output/tdoa_tag Release/Obj/nrf_drv_spi.o
LOAD Output/tdoa_tag Release/Obj/nrfx_timer.o
LOAD Output/tdoa_tag Release/Obj/nrfx_spi.o
LOAD Output/tdoa_tag Release/Obj/nrf_nvmc.o
LOAD Output/tdoa_tag Release/Obj/nrf_drv_uart.o
LOAD Output/tdoa_tag Release/Obj/nrfx_uart.o
LOAD Output/tdoa_tag Release/Obj/nrfx_twi.o
LOAD Output/tdoa_tag Release/Obj/nrf_drv_twi.o
LOAD Output/tdoa_tag Release/Obj/nrfx_gpiote.o
LOAD Output/tdoa_tag Release/Obj/nrfx_clock.o
LOAD Output/tdoa_tag Release/Obj/nrfx_rtc.o
LOAD Output/tdoa_tag Release/Obj/nrfx_power_clock.o
LOAD Output/tdoa_tag Release/Obj/nrfx_power.o
LOAD C:/Program Files (x86)/SEGGER/SEGGER Embedded Studio for ARM 4.50/lib/libdebugio_mempoll_v7em_fpv4_sp_d16_hard_t_le_eabi.a
LOAD C:/Program Files (x86)/SEGGER/SEGGER Embedded Studio for ARM 4.50/lib/libm_v7em_fpv4_sp_d16_hard_t_le_eabi.a
LOAD C:/Program Files (x86)/SEGGER/SEGGER Embedded Studio for ARM 4.50/lib/libc_v7em_fpv4_sp_d16_hard_t_le_eabi.a
LOAD C:/Program Files (x86)/SEGGER/SEGGER Embedded Studio for ARM 4.50/lib/libcpp_v7em_fpv4_sp_d16_hard_t_le_eabi.a
LOAD C:/Program Files (x86)/SEGGER/SEGGER Embedded Studio for ARM 4.50/lib/libdebugio_v7em_fpv4_sp_d16_hard_t_le_eabi.a
LOAD C:/Program Files (x86)/SEGGER/SEGGER Embedded Studio for ARM 4.50/lib/libvfprintf_v7em_fpv4_sp_d16_hard_t_le_eabi.o
LOAD C:/Program Files (x86)/SEGGER/SEGGER Embedded Studio for ARM 4.50/lib/libvfscanf_v7em_fpv4_sp_d16_hard_t_le_eabi.o
END GROUP
OUTPUT(Output/Release/Exe/tdoa_tag.elf elf32-littlearm)

.ARM.attributes
                0x00000000       0x35
 .ARM.attributes
                0x00000000       0x25 Output/tdoa_tag Release/Obj/thumb_crt0.o
 .ARM.attributes
                0x00000025       0x39 Output/tdoa_tag Release/Obj/cmd.o
 .ARM.attributes
                0x0000005e       0x39 Output/tdoa_tag Release/Obj/cmd_fn.o
 .ARM.attributes
                0x00000097       0x39 Output/tdoa_tag Release/Obj/cmd_uart_rx.o
 .ARM.attributes
                0x000000d0       0x39 Output/tdoa_tag Release/Obj/config.o
 .ARM.attributes
                0x00000109       0x39 Output/tdoa_tag Release/Obj/deca_uart.o
 .ARM.attributes
                0x00000142       0x39 Output/tdoa_tag Release/Obj/port_platform.o
 .ARM.attributes
                0x0000017b       0x39 Output/tdoa_tag Release/Obj/twi.o
 .ARM.attributes
                0x000001b4       0x39 Output/tdoa_tag Release/Obj/deca_device.o
 .ARM.attributes
                0x000001ed       0x39 Output/tdoa_tag Release/Obj/deca_params_init.o
 .ARM.attributes
                0x00000226       0x39 Output/tdoa_tag Release/Obj/LIS2DH12.o
 .ARM.attributes
                0x0000025f       0x39 Output/tdoa_tag Release/Obj/main.o
 .ARM.attributes
                0x00000298       0x39 Output/tdoa_tag Release/Obj/instance.o
 .ARM.attributes
                0x000002d1       0x39 Output/tdoa_tag Release/Obj/translate.o
 .ARM.attributes
                0x0000030a       0x39 Output/tdoa_tag Release/Obj/app_error.o
 .ARM.attributes
                0x00000343       0x39 Output/tdoa_tag Release/Obj/app_error_weak.o
 .ARM.attributes
                0x0000037c       0x39 Output/tdoa_tag Release/Obj/app_util_platform.o
 .ARM.attributes
                0x000003b5       0x39 Output/tdoa_tag Release/Obj/app_uart.o
 .ARM.attributes
                0x000003ee       0x39 Output/tdoa_tag Release/Obj/app_fifo.o
 .ARM.attributes
                0x00000427       0x25 Output/tdoa_tag Release/Obj/ses_startup_nrf52.o
 .ARM.attributes
                0x0000044c       0x25 Output/tdoa_tag Release/Obj/ses_startup_nrf_common.o
 .ARM.attributes
                0x00000471       0x39 Output/tdoa_tag Release/Obj/system_nrf52.o
 .ARM.attributes
                0x000004aa       0x39 Output/tdoa_tag Release/Obj/nrf_drv_clock.o
 .ARM.attributes
                0x000004e3       0x39 Output/tdoa_tag Release/Obj/nrf_drv_spi.o
 .ARM.attributes
                0x0000051c       0x39 Output/tdoa_tag Release/Obj/nrfx_timer.o
 .ARM.attributes
                0x00000555       0x39 Output/tdoa_tag Release/Obj/nrfx_spi.o
 .ARM.attributes
                0x0000058e       0x39 Output/tdoa_tag Release/Obj/nrf_nvmc.o
 .ARM.attributes
                0x000005c7       0x39 Output/tdoa_tag Release/Obj/nrf_drv_uart.o
 .ARM.attributes
                0x00000600       0x39 Output/tdoa_tag Release/Obj/nrfx_uart.o
 .ARM.attributes
                0x00000639       0x39 Output/tdoa_tag Release/Obj/nrfx_twi.o
 .ARM.attributes
                0x00000672       0x39 Output/tdoa_tag Release/Obj/nrf_drv_twi.o
 .ARM.attributes